1. เป็นจุดที่จะใช้เป็นที่วางหมุดหลักฐาน แล้ว ________ เชื่อมโยงจุดเหล่านั้น
( รังวัด )
ก. รังวัด
ข. เรดาร์
ค. เครื่องวัดอุณหภูมิ
ง. บรรทัดฐาน


2. รังวัด เชื่อมโยงจุดเหล่านั้น ด้วยเส้นตรงต่อเนื่องกัน ไป เพื่อนำผลการ ________ ไปคำนวณหาตำบลที่ต่อไป
( รังวัด )
ก. รังวัด
ข. เรดาร์
ค. เครื่องวัดอุณหภูมิ
ง. บรรทัดฐาน


3.  ________  เชื่อมโยงจุดเหล่านั้น ด้วยเส้นตรงต่อเนื่องกัน ไป เพื่อนำผลการรังวัดไปคำนวณหาตำบลที่ต่อไป
( รังวัด )
ก. รังวัด
ข. เรดาร์
ค. เครื่องวัดอุณหภูมิ
ง. บรรทัดฐาน


4. เป็น ________  ในบริเวณพื้นที่ที่เป็นภูเขา
( รูปสามเหลี่ยม )
ก. รูปสามเหลี่ยม
ข. เส้น
ค. เครื่องบิน
ง. สัมพันธ์


5. ในการทำงาน ________  จึงต้องมีการกำหนดเส้นฐาน (base line) ขึ้น ได้แก่ แนวตรงที่วัดความยาวไว้ด้วยวิธีการอันละเอียด และประณีต
( สามเหลี่ยม )
ก. สามเหลี่ยม
ข. เส้น
ค. เครื่องบิน
ง. สี่เหลี่ยม


6. เป็นรูปสามเหลี่ยม ในบริเวณพื้นที่ที่เป็น ________ 
( ภูเขา )
ก. ภูเขา
ข. มาก
ค. เนินเขา
ง. มหาสมุทร


7. เป็น ________ ที่จะใช้เป็นที่วางหมุดหลักฐาน แล้วรังวัดเชื่อมโยงจุดเหล่านั้น
( จุด )
ก. จุด
ข. กำลัง
ค. ธุรกิจ
ง. ความรู้สึก


8. การวางหมุดหลักฐานทางแนวราบให้มี ________  มากพอ และมีกระจายอยู่ทั่วประเทศ
( จำนวน )
ก. จำนวน
ข. กรณี
ค. คน
ง. เพิ่ม


9. จะเลือก ________ ที่สูงเด่น
( ยอดเขา )
ก. ยอดเขา
ข. เวลา
ค. ศตวรรษ
ง. ตอนเช้า


10. เป็นรูปสามเหลี่ยม เรียกว่า งานสามเหลี่ยม (triangulation) รูปสามเหลี่ยมนี้จะวางต่อเนื่องกันไปหลายๆ รูปจนทั่วบริเวณที่ต้องการ เรียกว่า โครงข่ายการ ________  (triangulation net) และเพื่อให้นำกฎเกณฑ์ทางคณิตศาสตร์ มาใช้ในการคำนวณได้
( สามเหลี่ยม )
ก. สามเหลี่ยม
ข. เครื่องบิน
ค. เส้น
ง. รูป


11. ในการทำงานสามเหลี่ยม จึงต้องมี ________ หนดเส้นฐาน (base line) ขึ้น ได้แก่ แนวตรงที่วัดความยาวไว้ด้วยวิธีการอันละเอียด และประณีต
( การกำ )
ก. การกำ
ข. บังคับ
ค. เป็นทางการ
ง. บรรณาธิการ


12. เรียกว่า หมุดหลักฐานบังคับทางแนวดิ่ง (vertical control) ซึ่งจะใช้เป็น ________ บังคับให้จุดต่างๆ ใน บริเวณใกล้เคียงมีความถูกต้องตามไปด้วย
( กรอบ )
ก. กรอบ
ข. โครงการ
ค. ปลาย
ง. รัฐบาล


13.  ________ ต้องให้ได้ลักษณะสำคัญ ความ ถูกต้องสมจริงของตำแหน่งที่ตั้งของรายละเอียด ต่างๆ ซึ่งเรียกว่า ตำบลที่ (position) และของที่มีระดับสูง (elevation) ของรายละเอียดนั้นๆ จาก พื้นระดับมูลฐาน ซึ่งจะต้องแสดงในแผนที่ให้ตรง
( การทำแผนที่ )
ก. การทำแผนที่
ข. กฎ
ค. กิจวัตรประจำวัน
ง. การคำนวณ


14. เป็นรูปสามเหลี่ยม เรียกว่า งานสามเหลี่ยม (triangulation) รูปสามเหลี่ยมนี้จะวางต่อเนื่องกันไปหลาย ________  รูปจนทั่วบริเวณที่ต้องการ เรียกว่า โครงข่ายการสามเหลี่ยม (triangulation net) และเพื่อให้นำกฎเกณฑ์ทางคณิตศาสตร์ มาใช้ในการคำนวณได้
( ๆ )
ก. ๆ
ข. วอลแตร์
ค. ซีซาร์
ง. เจมส์


15. เป็นจุดที่จะใช้เป็นที่วาง ________ หลักฐาน แล้วรังวัดเชื่อมโยงจุดเหล่านั้น
( หมุด )
ก. หมุด
ข. ล็อค
ค. จุด
ง. เดือย


16. ใช้เป็นฐานในการคำนวณ หรือสอบเทียบความยาวของด้านต่างๆ ของรูปสามเหลี่ยมแต่ละ ________ ในโครงข่าย ส่วนในบริเวณที่เป็นพื้นราบ จะเลือกจุดสำหรับวางหมุดหลักฐาน ให้ลัดเลาะไปตามตำแหน่งต่างๆ ทั่วบริเวณ
( รูป )
ก. รูป
ข. ผู้ฟัง
ค. ชุมชน
ง. วาระ


17. เป็นจุดที่จะใช้เป็นที่วางหมุดหลักฐาน แล้วรังวัดเชื่อมโยง ________ เหล่านั้น
( จุด )
ก. จุด
ข. เท้า
ค. ไมล์
ง. ลาน


18. การวาง ________ หลักฐานทางแนวราบให้มีจำนวน มากพอ และมีกระจายอยู่ทั่วประเทศ
( หมุด )
ก. หมุด
ข. ล็อค
ค. จุด
ง. เดือย


19. ได้เชื่อมโยงกับวิทยาศาสตร์โลกบางสาขา ที่เกี่ยวพันโดยใกล้ชิดกับการสำรวจ เพื่อทำ ________  เช่น การสำรวจ
( แผนที่ )
ก. แผนที่
ข. สำเนา
ค. การวาดภาพ
ง. ภาพ


20. ใช้เป็น ________ บังคับความถูกต้องของตำบลที่ ของจุดต่างๆ ในแผนที่นั้น ทำได้โดยเลือกจุดในภูมิประเทศที่ จะใช้เป็นที่วางหมุดหลักฐานก่อน แล้วทำการรังวัด เพื่อเชื่อมโยงจุดเหล่านั้น
( กรอบ )
ก. กรอบ
ข. โครงการ
ค. ปลาย
ง. รัฐบาล


21. ภารกิจหลักของสถาบันการทำแผนที่ก็คือ การสำรวจ เพื่อทำ ________ พื้นดินภายในประเทศ การสำรวจนี้ ได้มีวิวัฒนาการมาเป็นลำดับ
( แผนที่ )
ก. แผนที่
ข. สำเนา
ค. การวาดภาพ
ง. ภาพ


22. หา ________ และสภาวะกายภาพบางประการของโลก ที่มีชื่อว่า งาน จีออเดซี (geodesy) และธรณีฟิสิกส์ (geophysics)
( ขนาด )
ก. ขนาด
ข. สิ่ง
ค. อายุ
ง. ความแข็งแรง


23. รังวัด เชื่อมโยงจุดเหล่านั้น ด้วยเส้นตรงต่อเนื่องกัน ไป เพื่อนำผลการรังวัดไปคำนวณหา ________ ที่ต่อไป
( ตำบล )
ก. ตำบล
ข. พื้นที่
ค. ไม่ทราบ
ง. สนาม


24. ใช้เป็นฐานในการคำนวณ หรือสอบเทียบความยาวของด้านต่างๆ ของรูปสามเหลี่ยมแต่ละรูปในโครงข่าย ส่วนในบริเวณที่เป็นพื้น ________  จะเลือกจุดสำหรับวางหมุดหลักฐาน ให้ลัดเลาะไปตามตำแหน่งต่างๆ ทั่วบริเวณ
( ราบ )
ก. ราบ
ข. ค่าย
ค. เก๋งพั้ง
ง. รถตู้


25. ใช้เป็น ________ ในการคำนวณ หรือสอบเทียบความยาวของด้านต่างๆ ของรูปสามเหลี่ยมแต่ละรูปในโครงข่าย ส่วนในบริเวณที่เป็นพื้นราบ จะเลือกจุดสำหรับวางหมุดหลักฐาน ให้ลัดเลาะไปตามตำแหน่งต่างๆ ทั่วบริเวณ
( ฐาน )
ก. ฐาน
ข. โลก
ค. กำหนด
ง. จุด


26. เป็นจริงบนผิวโลก จึงต้องมีการดำเนินงานสำรวจรังวัด เพื่อให้ได้ ________ ที่ที่ถูกต้องของจุดบางจุด บนผิวโลก เรียกว่า หมุดหลักฐานบังคับทางแนวราบ (horizontal control) และจุดที่มีระดับสูงถูกต้อง
( ตำบล )
ก. ตำบล
ข. พื้นที่
ค. สนาม
ง. ไม่ทราบ


27. เป็น ________  เรียกว่า งานสามเหลี่ยม (triangulation) รูปสามเหลี่ยมนี้จะวางต่อเนื่องกันไปหลายๆ รูปจนทั่วบริเวณที่ต้องการ เรียกว่า โครงข่ายการสามเหลี่ยม (triangulation net) และเพื่อให้นำกฎเกณฑ์ทางคณิตศาสตร์ มาใช้ในการคำนวณได้
( รูปสามเหลี่ยม )
ก. รูปสามเหลี่ยม
ข. เส้น
ค. เครื่องบิน
ง. สัมพันธ์


28. เป็นรูปสามเหลี่ยม เรียกว่า งานสามเหลี่ยม (triangulation) รูปสามเหลี่ยมนี้จะวางต่อเนื่องกันไปหลายๆ รูปจนทั่ว ________ ที่ต้องการ เรียกว่า โครงข่ายการสามเหลี่ยม (triangulation net) และเพื่อให้นำกฎเกณฑ์ทางคณิตศาสตร์ มาใช้ในการคำนวณได้
( บริเวณ )
ก. บริเวณ
ข. ไหล่
ค. กลับ
ง. ที่พักอาศัย


29. รังวัด เชื่อมโยง ________ เหล่านั้น ด้วยเส้นตรงต่อเนื่องกัน ไป เพื่อนำผลการรังวัดไปคำนวณหาตำบลที่ต่อไป
( จุด )
ก. จุด
ข. เท้า
ค. ไมล์
ง. ลาน


30. หาขนาดและ ________ กายภาพบางประการของโลก ที่มีชื่อว่า งาน จีออเดซี (geodesy) และธรณีฟิสิกส์ (geophysics)
( สภาวะ )
ก. สภาวะ
ข. สิ่ง
ค. เวลา
ง. คุณภาพ


31. หาขนาดและสภาวะกายภาพบางประการของโลก ที่มีชื่อว่า งาน จีออเดซี (geodesy) และ ________ ฟิสิกส์ (geophysics)
( ธรณี )
ก. ธรณี
ข. ที่ตั้ง
ค. บ้าน
ง. จุด


32. ใช้เป็นกรอบบังคับความถูกต้องของตำบลที่ ของจุดต่างๆ ในแผนที่นั้น ทำได้โดยเลือกจุดในภูมิประเทศที่ จะใช้เป็นที่วาง ________ หลักฐานก่อน แล้วทำการรังวัด เพื่อเชื่อมโยงจุดเหล่านั้น
( หมุด )
ก. หมุด
ข. ล็อค
ค. จุด
ง. เดือย


33. ใช้เป็นกรอบบังคับความถูกต้องของตำบลที่ ของจุดต่างๆ ในแผนที่นั้น ทำได้โดยเลือกจุดในภูมิประเทศที่ จะใช้เป็นที่วางหมุดหลักฐานก่อน แล้วทำการ ________  เพื่อเชื่อมโยงจุดเหล่านั้น
( รังวัด )
ก. รังวัด
ข. เครื่องวัดอุณหภูมิ
ค. เรดาร์
ง. ขนาด


34. ใช้เป็นกรอบบังคับความถูกต้องของตำบลที่ ของจุดต่างๆ ในแผนที่นั้น ทำได้โดยเลือก ________ ในภูมิประเทศที่ จะใช้เป็นที่วางหมุดหลักฐานก่อน แล้วทำการรังวัด เพื่อเชื่อมโยงจุดเหล่านั้น
( จุด )
ก. จุด
ข. เท้า
ค. ไมล์
ง. ลาน


35. ใช้เป็นกรอบบังคับความถูกต้องของตำบลที่ ของจุดต่างๆ ในแผนที่นั้น ทำได้โดยเลือกจุดในภูมิประเทศที่ จะใช้เป็นที่วางหมุดหลักฐานก่อน แล้วทำการรังวัด เพื่อเชื่อมโยง ________ เหล่านั้น
( จุด )
ก. จุด
ข. เท้า
ค. ไมล์
ง. ลาน


36. ใช้เป็นฐานในการคำนวณ หรือสอบเทียบความยาวของด้านต่างๆ ของรูปสามเหลี่ยมแต่ละรูปในโครงข่าย ส่วนในบริเวณที่เป็นพื้นราบ จะเลือกจุดสำหรับวาง ________ หลักฐาน ให้ลัดเลาะไปตามตำแหน่งต่างๆ ทั่วบริเวณ
( หมุด )
ก. หมุด
ข. ล็อค
ค. จุด
ง. เดือย


37. เป็นจริงบนผิวโลก จึงต้องมีการดำเนินงานสำรวจ ________  เพื่อให้ได้ตำบลที่ที่ถูกต้องของจุดบางจุด บนผิวโลก เรียกว่า หมุดหลักฐานบังคับทางแนวราบ (horizontal control) และจุดที่มีระดับสูงถูกต้อง
( รังวัด )
ก. รังวัด
ข. เรดาร์
ค. เครื่องวัดอุณหภูมิ
ง. บรรทัดฐาน


38. เป็นรูปสามเหลี่ยม เรียกว่า งานสามเหลี่ยม (triangulation) รูปสามเหลี่ยมนี้จะวางต่อเนื่องกันไปหลายๆ รูปจนทั่วบริเวณที่ต้องการ เรียกว่า โครงข่ายการสามเหลี่ยม (triangulation net) และเพื่อให้นำ ________ ทางคณิตศาสตร์ มาใช้ในการคำนวณได้
( กฎเกณฑ์ )
ก. กฎเกณฑ์
ข. ความคิด
ค. กฎหมาย
ง. ทั้งหมด


39. ใช้เป็นฐานในการคำนวณ หรือสอบเทียบความยาวของด้านต่างๆ ของรูปสามเหลี่ยมแต่ละรูปในโครงข่าย ส่วนในบริเวณที่เป็นพื้นราบ จะเลือก ________ สำหรับวางหมุดหลักฐาน ให้ลัดเลาะไปตามตำแหน่งต่างๆ ทั่วบริเวณ
( จุด )
ก. จุด
ข. เท้า
ค. ไมล์
ง. ลาน


40. การทำแผนที่ต้องให้ได้ ________ สำคัญ ความ ถูกต้องสมจริงของตำแหน่งที่ตั้งของรายละเอียด ต่างๆ ซึ่งเรียกว่า ตำบลที่ (position) และของที่มีระดับสูง (elevation) ของรายละเอียดนั้นๆ จาก พื้นระดับมูลฐาน ซึ่งจะต้องแสดงในแผนที่ให้ตรง
( ลักษณะ )
ก. ลักษณะ
ข. ข้อแตกต่าง
ค. การปรากฏ
ง. ความสามารถ


41. เป็นจริงบนผิวโลก จึงต้องมีการดำเนินงานสำรวจรังวัด เพื่อให้ได้ตำบลที่ที่ถูกต้องของจุดบางจุด บนผิวโลก เรียกว่า หมุดหลักฐานบังคับทางแนวราบ (horizontal control) และ ________ ที่มีระดับสูงถูกต้อง
( จุด )
ก. จุด
ข. เท้า
ค. ไมล์
ง. ลาน


42. เป็นรูปสามเหลี่ยม ใน ________ พื้นที่ที่เป็นภูเขา
( บริเวณ )
ก. บริเวณ
ข. ระบบ
ค. วิธี
ง. บ้าน


43. หาขนาดและสภาวะกายภาพบางประการของ ________  ที่มีชื่อว่า งาน จีออเดซี (geodesy) และธรณีฟิสิกส์ (geophysics)
( โลก )
ก. โลก
ข. ที่ตั้ง
ค. บ้าน
ง. จุด


44. ตามความเจริญก้าวหน้าของ ________ ทางด้านนี้ ภารกิจหลักดังกล่าวนี้เอง
( วิทยาศาสตร์ )
ก. วิทยาศาสตร์
ข. ความสามารถ
ค. เทววิทยา
ง. สติปัญญา


45. การวางหมุดหลักฐานทาง ________ ให้มีจำนวน มากพอ และมีกระจายอยู่ทั่วประเทศ
( แนวราบ )
ก. แนวราบ
ข. วัด
ค. บุคลากร
ง. ส่วนที่เหลือ


46. ได้เชื่อมโยงกับ ________ โลกบางสาขา ที่เกี่ยวพันโดยใกล้ชิดกับการสำรวจ เพื่อทำแผนที่ เช่น การสำรวจ
( วิทยาศาสตร์ )
ก. วิทยาศาสตร์
ข. ความสามารถ
ค. เทววิทยา
ง. สติปัญญา


47. ภารกิจหลักของ ________ การทำแผนที่ก็คือ การสำรวจ เพื่อทำแผนที่พื้นดินภายในประเทศ การสำรวจนี้ ได้มีวิวัฒนาการมาเป็นลำดับ
( สถาบัน )
ก. สถาบัน
ข. บังคับ
ค. หน่วย
ง. พรรค


48. ตามความเจริญก้าวหน้าของวิทยาศาสตร์ทาง ________ นี้ ภารกิจหลักดังกล่าวนี้เอง
( ด้าน )
ก. ด้าน
ข. เขต
ค. ระยะทาง
ง. ด้านบน


49. รังวัด เชื่อมโยงจุดเหล่านั้น ด้วย ________ ต่อเนื่องกัน ไป เพื่อนำผลการรังวัดไปคำนวณหาตำบลที่ต่อไป
( เส้นตรง )
ก. เส้นตรง
ข. พื้นผิว
ค. งาน
ง. การอบรม


50. เรียกว่า หมุดหลักฐานบังคับทาง ________  (vertical control) ซึ่งจะใช้เป็นกรอบบังคับให้จุดต่างๆ ใน บริเวณใกล้เคียงมีความถูกต้องตามไปด้วย
( แนวดิ่ง )
ก. แนวดิ่ง
ข. คาน
ค. ท่าที
ง. ทาบ


51. เรียกว่า หมุดหลักฐานบังคับทางแนวดิ่ง (vertical control) ซึ่งจะใช้เป็นกรอบบังคับให้ ________ ต่างๆ ใน บริเวณใกล้เคียงมีความถูกต้องตามไปด้วย
( จุด )
ก. จุด
ข. เท้า
ค. ไมล์
ง. ลาน


52. ในการทำงานสามเหลี่ยม จึงต้องมีการกำหนดเส้นฐาน (base line) ขึ้น ได้แก่ แนวตรงที่วัดความยาวไว้ด้วย ________ อันละเอียด และประณีต
( วิธีการ )
ก. วิธีการ
ข. สวมบทบาท
ค. ธุรกิจ
ง. ความฉลาด


53. ใช้เป็นกรอบบังคับความถูกต้องของ ________ ที่ ของจุดต่างๆ ในแผนที่นั้น ทำได้โดยเลือกจุดในภูมิประเทศที่ จะใช้เป็นที่วางหมุดหลักฐานก่อน แล้วทำการรังวัด เพื่อเชื่อมโยงจุดเหล่านั้น
( ตำบล )
ก. ตำบล
ข. สนาม
ค. พื้นที่
ง. ไม่ทราบ


54. ใช้เป็นกรอบบังคับความถูกต้องของตำบลที่ ของจุดต่างๆ ในแผนที่นั้น ทำได้โดยเลือกจุดใน ________ ที่ จะใช้เป็นที่วางหมุดหลักฐานก่อน แล้วทำการรังวัด เพื่อเชื่อมโยงจุดเหล่านั้น
( ภูมิประเทศ )
ก. ภูมิประเทศ
ข. สนาม
ค. จอด
ง. พิสัย


55. ใช้เป็นกรอบบังคับความถูกต้องของตำบลที่ ของจุดต่างๆ ใน ________ นั้น ทำได้โดยเลือกจุดในภูมิประเทศที่ จะใช้เป็นที่วางหมุดหลักฐานก่อน แล้วทำการรังวัด เพื่อเชื่อมโยงจุดเหล่านั้น
( แผนที่ )
ก. แผนที่
ข. สำเนา
ค. การวาดภาพ
ง. ภาพ


56. เรียกว่า งาน ________ รอบ (traverse)
( วง )
ก. วง
ข. ปรากฏการณ์
ค. พัฒนาการ
ง. ปุ่ม


57. ใช้เป็นกรอบบังคับความถูกต้องของตำบลที่ ของ ________ ต่างๆ ในแผนที่นั้น ทำได้โดยเลือกจุดในภูมิประเทศที่ จะใช้เป็นที่วางหมุดหลักฐานก่อน แล้วทำการรังวัด เพื่อเชื่อมโยงจุดเหล่านั้น
( จุด )
ก. จุด
ข. เท้า
ค. ไมล์
ง. ลาน


58. ใช้เป็นฐานในการคำนวณ หรือสอบเทียบความยาวของด้านต่างๆ ของ ________ แต่ละรูปในโครงข่าย ส่วนในบริเวณที่เป็นพื้นราบ จะเลือกจุดสำหรับวางหมุดหลักฐาน ให้ลัดเลาะไปตามตำแหน่งต่างๆ ทั่วบริเวณ
( รูปสามเหลี่ยม )
ก. รูปสามเหลี่ยม
ข. เครื่องบิน
ค. เส้น
ง. รูป


59. ใช้เป็นฐานในการคำนวณ หรือสอบเทียบความยาวของด้านต่างๆ ของรูปสามเหลี่ยมแต่ละรูปในโครงข่าย ส่วนใน ________ ที่เป็นพื้นราบ จะเลือกจุดสำหรับวางหมุดหลักฐาน ให้ลัดเลาะไปตามตำแหน่งต่างๆ ทั่วบริเวณ
( บริเวณ )
ก. บริเวณ
ข. ไหล่
ค. กลับ
ง. ที่พักอาศัย


60. ใช้เป็นฐานในการคำนวณ หรือสอบเทียบความยาวของด้านต่างๆ ของรูปสามเหลี่ยมแต่ละรูปในโครงข่าย ส่วนในบริเวณที่เป็นพื้นราบ จะเลือกจุดสำหรับวางหมุดหลักฐาน ให้ลัดเลาะไปตาม ________ ต่างๆ ทั่วบริเวณ
( ตำแหน่ง )
ก. ตำแหน่ง
ข. งาน
ค. การอบรม
ง. ความรู้สึก


61. ใช้เป็นฐานในการคำนวณ หรือสอบเทียบความยาวของด้านต่างๆ ของรูปสามเหลี่ยมแต่ละรูปในโครงข่าย ส่วนในบริเวณที่เป็นพื้นราบ จะเลือกจุดสำหรับวางหมุดหลักฐาน ให้ลัดเลาะไปตามตำแหน่งต่างๆ ทั่ว ________ 
( บริเวณ )
ก. บริเวณ
ข. ไหล่
ค. กลับ
ง. ที่พักอาศัย


62. เป็นจริงบนผิวโลก จึงต้องมีการดำเนินงานสำรวจรังวัด เพื่อให้ได้ตำบลที่ที่ถูกต้องของจุดบางจุด บนผิวโลก เรียกว่า หมุดหลักฐานบังคับทาง ________  (horizontal control) และจุดที่มีระดับสูงถูกต้อง
( แนวราบ )
ก. แนวราบ
ข. ค่าย
ค. เก๋งพั้ง
ง. หน้าอก


63. เป็นรูปสามเหลี่ยม เรียกว่า งานสามเหลี่ยม (triangulation) รูปสามเหลี่ยมนี้จะวางต่อเนื่องกันไปหลายๆ รูปจนทั่วบริเวณที่ต้องการ เรียกว่า โครงข่ายการสามเหลี่ยม (triangulation net) และเพื่อให้นำกฎเกณฑ์ทาง ________  มาใช้ในการคำนวณได้
( คณิตศาสตร์ )
ก. คณิตศาสตร์
ข. จิตวิทยา
ค. สังคมศาสตร์
ง. ภาษาศาสตร์


64. เป็นจริงบน ________ โลก จึงต้องมีการดำเนินงานสำรวจรังวัด เพื่อให้ได้ตำบลที่ที่ถูกต้องของจุดบางจุด บนผิวโลก เรียกว่า หมุดหลักฐานบังคับทางแนวราบ (horizontal control) และจุดที่มีระดับสูงถูกต้อง
( ผิว )
ก. ผิว
ข. เพื่อน
ค. ชาวยิว
ง. ผม


65. เป็นจริงบนผิวโลก จึงต้องมีการดำเนินงานสำรวจรังวัด เพื่อให้ได้ตำบลที่ที่ถูกต้องของจุดบางจุด บน ________ โลก เรียกว่า หมุดหลักฐานบังคับทางแนวราบ (horizontal control) และจุดที่มีระดับสูงถูกต้อง
( ผิว )
ก. ผิว
ข. เพื่อน
ค. ผม
ง. ชาวยิว


66. ใช้เป็นฐานในการคำนวณ หรือสอบเทียบความยาวของด้านต่างๆ ของรูปสามเหลี่ยมแต่ละรูปใน ________  ส่วนในบริเวณที่เป็นพื้นราบ จะเลือกจุดสำหรับวางหมุดหลักฐาน ให้ลัดเลาะไปตามตำแหน่งต่างๆ ทั่วบริเวณ
( โครงข่าย )
ก. โครงข่าย
ข. ผ้าใบ
ค. ไหม
ง. ระบบย่อย


67. การทำแผนที่ต้องให้ได้ลักษณะสำคัญ ความ ถูกต้องสมจริงของตำแหน่งที่ตั้งของรายละเอียด ต่างๆ ซึ่งเรียกว่า ตำบลที่ (position) และของที่มีระดับสูง (elevation) ของรายละเอียดนั้นๆ จาก พื้นระดับมูลฐาน ซึ่งจะต้องแสดงใน ________ ให้ตรง
( แผนที่ )
ก. แผนที่
ข. ภาพ
ค. สำเนา
ง. แสดง


68. เป็นรูปสามเหลี่ยม ในบริเวณ ________ ที่เป็นภูเขา
( พื้นที่ )
ก. พื้นที่
ข. ระบบ
ค. วิธี
ง. บ้าน


69. เป็นจริงบนผิวโลก จึงต้องมีการดำเนินงานสำรวจรังวัด เพื่อให้ได้ตำบลที่ที่ถูกต้องของ ________ บางจุด บนผิวโลก เรียกว่า หมุดหลักฐานบังคับทางแนวราบ (horizontal control) และจุดที่มีระดับสูงถูกต้อง
( จุด )
ก. จุด
ข. เท้า
ค. ไมล์
ง. ลาน


70. การทำแผนที่ต้องให้ได้ลักษณะสำคัญ ความ ถูกต้องสมจริงของตำแหน่งที่ตั้งของ ________  ต่างๆ ซึ่งเรียกว่า ตำบลที่ (position) และของที่มีระดับสูง (elevation) ของรายละเอียดนั้นๆ จาก พื้นระดับมูลฐาน ซึ่งจะต้องแสดงในแผนที่ให้ตรง
( รายละเอียด )
ก. รายละเอียด
ข. ชนิด
ค. สิ่ง
ง. ข้อสังเกต


71. การทำแผนที่ต้องให้ได้ลักษณะสำคัญ ความ ถูกต้องสมจริงของตำแหน่งที่ตั้งของรายละเอียด ต่างๆ ซึ่งเรียกว่า ตำบลที่ (position) และของที่มีระดับสูง (elevation) ของ ________ นั้นๆ จาก พื้นระดับมูลฐาน ซึ่งจะต้องแสดงในแผนที่ให้ตรง
( รายละเอียด )
ก. รายละเอียด
ข. ชนิด
ค. สิ่ง
ง. ข้อสังเกต


72. ใช้เป็นฐานในการคำนวณ หรือสอบเทียบความยาวของ ________ ต่างๆ ของรูปสามเหลี่ยมแต่ละรูปในโครงข่าย ส่วนในบริเวณที่เป็นพื้นราบ จะเลือกจุดสำหรับวางหมุดหลักฐาน ให้ลัดเลาะไปตามตำแหน่งต่างๆ ทั่วบริเวณ
( ด้าน )
ก. ด้าน
ข. เขต
ค. ระยะทาง
ง. ด้านบน


73. เป็นจุดที่จะใช้เป็นที่วางหมุด ________  แล้วรังวัดเชื่อมโยงจุดเหล่านั้น
( หลักฐาน )
ก. หลักฐาน
ข. ความจริง
ค. วัสดุ
ง. พื้นหลัง


74. หาขนาดและสภาวะกายภาพบางประการของโลก ที่มีชื่อว่า งาน จีออเดซี (geodesy) และธรณี ________  (geophysics)
( ฟิสิกส์ )
ก. ฟิสิกส์
ข. วิทยาศาสตร์เพื่อชีวิต
ค. วิทยาศาสตร์โลก
ง. วิชาว่าจักรวาล


75. หาขนาดและสภาวะกายภาพบางประการของโลก ที่มีชื่อว่า งาน จีออเด ________  (geodesy) และธรณีฟิสิกส์ (geophysics)
( ซี )
ก. ซี
ข. คลอรีน
ค. พัน
ง. ธาตุโลหะที่


76. การวางหมุด ________ ทางแนวราบให้มีจำนวน มากพอ และมีกระจายอยู่ทั่วประเทศ
( หลักฐาน )
ก. หลักฐาน
ข. ความจริง
ค. วัสดุ
ง. พื้นหลัง


77. ได้เชื่อมโยงกับวิทยาศาสตร์ ________ บางสาขา ที่เกี่ยวพันโดยใกล้ชิดกับการสำรวจ เพื่อทำแผนที่ เช่น การสำรวจ
( โลก )
ก. โลก
ข. ที่ตั้ง
ค. กระดาษ
ง. เรื่อง


78. ภารกิจหลักของสถาบันการทำแผนที่ก็คือ การสำรวจ เพื่อทำแผนที่พื้นดิน ________  การสำรวจนี้ ได้มีวิวัฒนาการมาเป็นลำดับ
( ภายในประเทศ )
ก. ภายในประเทศ
ข. ผู้รับใช้ของร่างกาย
ค. ขี้ข้า
ง. คนรับใช้


79. ภารกิจหลักของสถาบันการทำแผนที่ก็คือ การสำรวจ เพื่อทำแผนที่ ________ ภายในประเทศ การสำรวจนี้ ได้มีวิวัฒนาการมาเป็นลำดับ
( พื้นดิน )
ก. พื้นดิน
ข. ที่ตั้ง
ค. กระดาษ
ง. ไฟเบอร์


80. ภารกิจหลักของสถาบัน ________ ก็คือ การสำรวจ เพื่อทำแผนที่พื้นดินภายในประเทศ การสำรวจนี้ ได้มีวิวัฒนาการมาเป็นลำดับ
( การทำแผนที่ )
ก. การทำแผนที่
ข. เงื่อนไข
ค. กฎ
ง. การคำนวณ


81. ในการทำงานสามเหลี่ยม จึงต้องมีการกำหนดเส้น ________  (base line) ขึ้น ได้แก่ แนวตรงที่วัดความยาวไว้ด้วยวิธีการอันละเอียด และประณีต
( ฐาน )
ก. ฐาน
ข. โลก
ค. จุด
ง. กำหนด


82. เรียกว่า หมุด ________ บังคับทางแนวดิ่ง (vertical control) ซึ่งจะใช้เป็นกรอบบังคับให้จุดต่างๆ ใน บริเวณใกล้เคียงมีความถูกต้องตามไปด้วย
( หลักฐาน )
ก. หลักฐาน
ข. ความจริง
ค. วัสดุ
ง. สติปัญญา


83. ในการทำงานสามเหลี่ยม จึงต้องมีการกำหนด ________ ฐาน (base line) ขึ้น ได้แก่ แนวตรงที่วัดความยาวไว้ด้วยวิธีการอันละเอียด และประณีต
( เส้น )
ก. เส้น
ข. เป็น
ค. งาน
ง. ทาง


84. ใช้เป็นกรอบบังคับความถูกต้องของตำบลที่ ของจุดต่างๆ ในแผนที่นั้น ทำได้โดยเลือกจุดในภูมิประเทศที่ จะใช้เป็นที่วางหมุด ________ ก่อน แล้วทำการรังวัด เพื่อเชื่อมโยงจุดเหล่านั้น
( หลักฐาน )
ก. หลักฐาน
ข. ความจริง
ค. วัสดุ
ง. พื้นหลัง


85. ใช้เป็นฐานในการคำนวณ หรือสอบเทียบความยาวของด้านต่างๆ ของรูปสามเหลี่ยมแต่ละรูปในโครงข่าย ส่วนในบริเวณที่เป็นพื้นราบ จะเลือกจุดสำหรับวางหมุด ________  ให้ลัดเลาะไปตามตำแหน่งต่างๆ ทั่วบริเวณ
( หลักฐาน )
ก. หลักฐาน
ข. ความจริง
ค. วัสดุ
ง. พื้นหลัง


86. เป็นรูปสามเหลี่ยม เรียกว่า งาน ________  (triangulation) รูปสามเหลี่ยมนี้จะวางต่อเนื่องกันไปหลายๆ รูปจนทั่วบริเวณที่ต้องการ เรียกว่า โครงข่ายการสามเหลี่ยม (triangulation net) และเพื่อให้นำกฎเกณฑ์ทางคณิตศาสตร์ มาใช้ในการคำนวณได้
( สามเหลี่ยม )
ก. สามเหลี่ยม
ข. เครื่องบิน
ค. เส้น
ง. รูป


87. เป็นจริงบนผิว ________  จึงต้องมีการดำเนินงานสำรวจรังวัด เพื่อให้ได้ตำบลที่ที่ถูกต้องของจุดบางจุด บนผิวโลก เรียกว่า หมุดหลักฐานบังคับทางแนวราบ (horizontal control) และจุดที่มีระดับสูงถูกต้อง
( โลก )
ก. โลก
ข. ที่ตั้ง
ค. กระดาษ
ง. จุด


88. เป็นจริงบนผิวโลก จึงต้องมีการดำเนินงานสำรวจรังวัด เพื่อให้ได้ตำบลที่ที่ถูกต้องของจุดบางจุด บนผิว ________  เรียกว่า หมุดหลักฐานบังคับทางแนวราบ (horizontal control) และจุดที่มีระดับสูงถูกต้อง
( โลก )
ก. โลก
ข. ที่ตั้ง
ค. กระดาษ
ง. บ้าน


89. เป็นจริงบนผิวโลก จึงต้องมีการดำเนินงานสำรวจรังวัด เพื่อให้ได้ตำบลที่ที่ถูกต้องของจุดบางจุด บนผิวโลก เรียกว่า หมุด ________ บังคับทางแนวราบ (horizontal control) และจุดที่มีระดับสูงถูกต้อง
( หลักฐาน )
ก. หลักฐาน
ข. ความจริง
ค. วัสดุ
ง. สติปัญญา


90. การทำแผนที่ต้องให้ได้ลักษณะสำคัญ ความ ถูกต้องสมจริงของตำแหน่งที่ตั้งของรายละเอียด ต่างๆ ซึ่งเรียกว่า ตำบลที่ (position) และของที่มีระดับสูง (elevation) ของรายละเอียดนั้นๆ จาก พื้นระดับ ________  ซึ่งจะต้องแสดงในแผนที่ให้ตรง
( มูลฐาน )
ก. มูลฐาน
ข. รายละเอียด
ค. สสาร
ง. กำหนด


91. การทำแผนที่ต้องให้ได้ลักษณะสำคัญ ความ ถูกต้องสมจริงของตำแหน่งที่ตั้งของรายละเอียด ต่างๆ ซึ่งเรียกว่า ตำบลที่ (position) และของที่มีระดับสูง (elevation) ของรายละเอียดนั้นๆ จาก พื้น ________ มูลฐาน ซึ่งจะต้องแสดงในแผนที่ให้ตรง
( ระดับ )
ก. ระดับ
ข. อายุ
ค. ความรู้สึก
ง. ที่พักอาศัย


92. การทำแผนที่ต้องให้ได้ลักษณะสำคัญ ความ ถูกต้องสมจริงของ ________ ของรายละเอียด ต่างๆ ซึ่งเรียกว่า ตำบลที่ (position) และของที่มีระดับสูง (elevation) ของรายละเอียดนั้นๆ จาก พื้นระดับมูลฐาน ซึ่งจะต้องแสดงในแผนที่ให้ตรง
( ตำแหน่งที่ตั้ง )
ก. ตำแหน่งที่ตั้ง
ข. งาน
ค. การอบรม
ง. ฟาร์ม


93. เรียกว่า  ________ วงรอบ (traverse)
( งาน )
ก. งาน
ข. เกม
ค. การอบรม
ง. การแผ่รังสี


94. หาขนาดและสภาวะกายภาพบางประการของโลก ที่มีชื่อว่า งาน  ________ ออเดซี (geodesy) และธรณีฟิสิกส์ (geophysics)
( จี )
ก. จี
ข. มิลลิกรัม
ค. ล้าน
ง. คำ


95. หาขนาดและสภาวะกายภาพบางประการของโลก ที่มีชื่อว่า  ________  จีออเดซี (geodesy) และธรณีฟิสิกส์ (geophysics)
( งาน )
ก. งาน
ข. การอบรม
ค. เกม
ง. การแผ่รังสี


96. ในการทำงานสามเหลี่ยม จึงต้องมีการกำหนดเส้นฐาน (base line) ขึ้น ได้แก่  ________ ที่วัดความยาวไว้ด้วยวิธีการอันละเอียด และประณีต
( แนวตรง )
ก. แนวตรง
ข. เพื่อน
ค. ชาวยิว
ง. ผู้นำ


97. เรียกว่า  ________ หลักฐานบังคับทางแนวดิ่ง (vertical control) ซึ่งจะใช้เป็นกรอบบังคับให้จุดต่างๆ ใน บริเวณใกล้เคียงมีความถูกต้องตามไปด้วย
( หมุด )
ก. หมุด
ข. ปุ่ม
ค. ชนะ
ง. ล็อค


98. เรียกว่า หมุดหลักฐานบังคับทางแนวดิ่ง (vertical control) ซึ่งจะใช้เป็นกรอบบังคับให้จุดต่างๆ ใน  ________ ใกล้เคียงมีความถูกต้องตามไปด้วย
( บริเวณ )
ก. บริเวณ
ข. บ้าน
ค. ร่างกาย
ง. กลับ


99. เป็นจริงบนผิวโลก จึงต้องมีการดำเนินงานสำรวจรังวัด เพื่อให้ได้ตำบลที่ที่ถูกต้องของจุดบางจุด บนผิวโลก เรียกว่า  ________ หลักฐานบังคับทางแนวราบ (horizontal control) และจุดที่มีระดับสูงถูกต้อง
( หมุด )
ก. หมุด
ข. ปุ่ม
ค. ชนะ
ง. ล็อค


100. เป็นรูปสามเหลี่ยม เรียกว่า งานสามเหลี่ยม (triangulation)  ________ นี้จะวางต่อเนื่องกันไปหลายๆ รูปจนทั่วบริเวณที่ต้องการ เรียกว่า โครงข่ายการสามเหลี่ยม (triangulation net) และเพื่อให้นำกฎเกณฑ์ทางคณิตศาสตร์ มาใช้ในการคำนวณได้
( รูปสามเหลี่ยม )
ก. รูปสามเหลี่ยม
ข. เครื่องบิน
ค. เส้น
ง. สี่เหลี่ยม


101. ใช้เป็นฐานในการคำนวณ หรือสอบเทียบความยาวของด้านต่างๆ ของรูปสามเหลี่ยมแต่ละรูปในโครงข่าย  ________ ในบริเวณที่เป็นพื้นราบ จะเลือกจุดสำหรับวางหมุดหลักฐาน ให้ลัดเลาะไปตามตำแหน่งต่างๆ ทั่วบริเวณ
( ส่วน )
ก. ส่วน
ข. ที่ตั้ง
ค. เปลี่ยนแปลง
ง. ความสัมพันธ์


102. เป็นรูปสามเหลี่ยม เรียกว่า งานสามเหลี่ยม (triangulation) รูปสามเหลี่ยมนี้จะวางต่อเนื่องกันไปหลายๆ รูปจนทั่วบริเวณที่ต้องการ เรียกว่า  ________ การสามเหลี่ยม (triangulation net) และเพื่อให้นำกฎเกณฑ์ทางคณิตศาสตร์ มาใช้ในการคำนวณได้
( โครงข่าย )
ก. โครงข่าย
ข. ผ้าใบ
ค. ร่างกาย
ง. ไหม


103. การทำแผนที่ต้องให้ได้ลักษณะสำคัญ ความ ถูกต้องสมจริงของตำแหน่งที่ตั้งของรายละเอียด ต่างๆ ซึ่งเรียกว่า  ________ ที่ (position) และของที่มีระดับสูง (elevation) ของรายละเอียดนั้นๆ จาก พื้นระดับมูลฐาน ซึ่งจะต้องแสดงในแผนที่ให้ตรง
( ตำบล )
ก. ตำบล
ข. สนาม
ค. ไม่ทราบ
ง. พื้นที่


104. การทำแผนที่ต้องให้ได้ลักษณะสำคัญ ความ ถูกต้องสมจริงของตำแหน่งที่ตั้งของรายละเอียด ต่างๆ ซึ่งเรียกว่า ตำบลที่ (position) และของที่มีระดับสูง (elevation) ของรายละเอียดนั้นๆ จาก  ________ ระดับมูลฐาน ซึ่งจะต้องแสดงในแผนที่ให้ตรง
( พื้น )
ก. พื้น
ข. ชุมชน
ค. ผู้ฟัง
ง. ที่พักอาศัย


105. เป็นรูปสามเหลี่ยม เรียกว่า  ________ สามเหลี่ยม (triangulation) รูปสามเหลี่ยมนี้จะวางต่อเนื่องกันไปหลายๆ รูปจนทั่วบริเวณที่ต้องการ เรียกว่า โครงข่ายการสามเหลี่ยม (triangulation net) และเพื่อให้นำกฎเกณฑ์ทางคณิตศาสตร์ มาใช้ในการคำนวณได้
( งาน )
ก. งาน
ข. เกม
ค. การอบรม
ง. การแผ่รังสี


106. เป็นรูปสามเหลี่ยม เรียกว่า งานสามเหลี่ยม (triangulation) รูปสามเหลี่ยมนี้จะวางต่อเนื่องกันไปหลายๆ  ________ จนทั่วบริเวณที่ต้องการ เรียกว่า โครงข่ายการสามเหลี่ยม (triangulation net) และเพื่อให้นำกฎเกณฑ์ทางคณิตศาสตร์ มาใช้ในการคำนวณได้
( รูป )
ก. รูป
ข. ผู้ฟัง
ค. ชุมชน
ง. วาระ


