1. ความต้องการบริการไปรษณีย์ ใน ________ ประชาชนในทุกประเทศ
( หมู่ )
ก. หมู่
ข. สัตว์เพคะริ
ค. ฮิปโปโปเตมัส
ง. สัตว์ที่เคี้ยวเอื้อง


2. ความต้องการบริการ ________  ในหมู่ประชาชนในทุกประเทศ
( ไปรษณีย์ )
ก. ไปรษณีย์
ข. หินอ่อน
ค. สาขาการบริหาร
ง. บริการเลือก


3. มีการใช้ ________ ในการส่งข่าวสาร มีการจัดตั้งสถานีที่พักสับ เปลี่ยนเจ้าหน้าที่ และม้า มีอาหาร และที่พักพิงสำหรับเจ้าหน้าที่สื่อสาร และข้าราชบริพารที่เดินทางมาพัก เรียกว่า โพซิตัส (positus) แปลว่า ตั้งไว้ หรือกำหนดไว้เชื่อว่า เป็นที่มาของคำว่า "post" (การไปรษณีย์) ในปัจจุบัน
( ม้า )
ก. ม้า
ข. หน้าต่าง
ค. ชั้น
ง. กรอบ


4. มีการใช้ม้าในการส่งข่าวสาร มีการจัดตั้งสถานีที่พักสับ เปลี่ยนเจ้าหน้าที่ และ ________  มีอาหาร และที่พักพิงสำหรับเจ้าหน้าที่สื่อสาร และข้าราชบริพารที่เดินทางมาพัก เรียกว่า โพซิตัส (positus) แปลว่า ตั้งไว้ หรือกำหนดไว้เชื่อว่า เป็นที่มาของคำว่า "post" (การไปรษณีย์) ในปัจจุบัน
( ม้า )
ก. ม้า
ข. หน้าต่าง
ค. กษัตริย์
ง. ตะแกรง


5. ขยายตัวออกไปยังภูมิภาคต่างๆ รัฐบาลของประเทศต่างๆ เริ่มซื้อกรรมสิทธิ์การจัดรับส่ง ________  กลับมาเป็นของรัฐบาล และดำเนินการเอง
( ไปรษณีย์ )
ก. ไปรษณีย์
ข. หินอ่อน
ค. สาขาการบริหาร
ง. บริการเลือก


6. การใช้ ________ เขียนข่าวสารติดต่อสื่อสารกันก็เริ่มมีขึ้น ระบบการส่ง ข่าวสารก็วิวัฒนาการขึ้นเป็นลำดับ
( ตัวอักษร )
ก. ตัวอักษร
ข. ตัวอักษรหรือตัวเลข
ค. อราเมอิก
ง. อ


7. ในระหว่างคริสต์ศตวรรษที่ ๑๗ มีการไปรษณีย์เกิดขึ้นทั่วไปในแทบทุกประเทศ ใน ________  มีการไปรษณีย์เกิดขึ้นเป็นครั้งแรก
( สหรัฐอเมริกา )
ก. สหรัฐอเมริกา
ข. แคนาดา
ค. เม็กซิโก
ง. กองทัพเรือสหรัฐฯ


8. ในระหว่างคริสต์ศตวรรษที่ ๑๗ มีการ ________ เกิดขึ้นทั่วไปในแทบทุกประเทศ ในสหรัฐอเมริกา มีการไปรษณีย์เกิดขึ้นเป็นครั้งแรก
( ไปรษณีย์ )
ก. ไปรษณีย์
ข. หินอ่อน
ค. สาขาการบริหาร
ง. บริการเลือก


9. ในระหว่างคริสต์ศตวรรษที่ ๑๗ มีการไปรษณีย์เกิดขึ้นทั่วไปในแทบทุกประเทศ ในสหรัฐอเมริกา มีการ ________ เกิดขึ้นเป็นครั้งแรก
( ไปรษณีย์ )
ก. ไปรษณีย์
ข. หินอ่อน
ค. สาขาการบริหาร
ง. บริการเลือก


10.  ________ บริการไปรษณีย์ ในหมู่ประชาชนในทุกประเทศ
( ความต้องการ )
ก. ความต้องการ
ข. ต้อง
ค. ความจำเป็น
ง. ความทะเยอทะยาน


11. จัดตั้งตู้ไปรษณีย์ไว้ตาม ________ ต่างๆ ไขเก็บจดหมายวันละ ๓ ครั้ง
( จุด )
ก. จุด
ข. เท้า
ค. ไมล์
ง. ลาน


12. ต่อมาเมื่อมีการประดิษฐ์ ________ ขึ้น เพื่อใช้แทนเสียงที่พูดจากัน
( ตัวอักษร )
ก. ตัวอักษร
ข. ตัวอักษรหรือตัวเลข
ค. อราเมอิก
ง. อ


13. เมืองบอสตัน ในฝรั่งเศส  ________ เจ้าหลุยส์ที่ ๑๔ ทรงวางรากฐานการไปรษณีย์หลวงของฝรั่งเศส
( พระ )
ก. พระ
ข. อาจารย์ในศาสนายิว
ค. พระสอนศาสนา
ง. สาวก


14. กิจการไปรษณีย์ได้รับการพัฒนาเจริญก้าวหน้ามาเป็นอันมาก ทั้งในตัวระบบการไปรษณีย์เอง และการใช้อุปกรณ์เครื่องมือ ตลอดจนยานพาหนะต่างๆ มีการ ใช้ ________ กลไฟ และรถไฟในการขนส่งถุงไปรษณีย์ บริการไปรษณีย์ซึ่งแต่ก่อนมักจะมีอยู่แต่ในเมืองใหญ่ๆ ในศตวรรษนี้
( เรือ )
ก. เรือ
ข. เรือตกปลา
ค. เรือยอชท์
ง. เปล่า


15. ใน พ.ศ. ๑๘๔๘ ใน ________ และสเปน มีการ จัดตั้งบริษัทรับส่งข่าวสารขึ้น
( อิตาลี )
ก. อิตาลี
ข. อังกฤษ
ค. ประเทศเยอรมัน
ง. ฝรั่งเศส


16. เมืองบอสตัน ในฝรั่งเศส พระเจ้าหลุยส์ที่ ๑๔ ทรงวางรากฐานการ ________ หลวงของฝรั่งเศส
( ไปรษณีย์ )
ก. ไปรษณีย์
ข. หินอ่อน
ค. สาขาการบริหาร
ง. บริการเลือก


17. ต่อมาก็ได้มีการ ________ ชนิดเดียวกันนี้ ที่เมืองสตราบูร์ก (strasbourg) และเมืองอื่นๆ สำหรับ ในชนบทนั้นมีการว่าจ้างคนเดินหนังสือเป็นรายปี
( ไปรษณีย์ )
ก. ไปรษณีย์
ข. แท็ก
ค. หินอ่อน
ง. สาขาการบริหาร


18. ดำเนินการโดยครอบครัว มีบทบาทสำคัญ ในการบริการรับส่งข่าวสารในยุโรปสมัยนั้น ส่วนเมืองที่ไม่มีบริการนี้ ประชาชนก็ได้อาศัยฝากจดหมาย และสิ่งของไปมากับ ________ ขายเนื้อ ซึ่งเดินทางไปหาซื้อเนื้อ ตามท้องถิ่นต่างๆ แทบทุกวัน
( พ่อค้า )
ก. พ่อค้า
ข. ผู้ประกอบการ
ค. ผู้ผลิต
ง. นักบัญชี


19. เมืองบอสตัน ใน ________  พระเจ้าหลุยส์ที่ ๑๔ ทรงวางรากฐานการไปรษณีย์หลวงของฝรั่งเศส
( ฝรั่งเศส )
ก. ฝรั่งเศส
ข. มากกว่า
ค. อังกฤษ
ง. ประเทศเยอรมัน


20. เมืองบอสตัน ในฝรั่งเศส พระเจ้าหลุยส์ที่ ๑๔ ทรงวางรากฐานการไปรษณีย์หลวงของ ________ 
( ฝรั่งเศส )
ก. ฝรั่งเศส
ข. มากกว่า
ค. อังกฤษ
ง. ประเทศเยอรมัน


21. จึงนำเอาแบบอย่างการไปรษณีย์ขนาดย่อมที่ปารีส ไปใช้ที่ลอนดอน นอกจากนี้ ยังได้จัดทำตราประทับ บอกวัน เดือน ปี และเวลาในการฝากส่ง นำเอา ระบบการลงทะเบียนและการรับประกันมาใช้ใน บริการของเขาด้วย ในจีนสมัยราชวงศ์ชิง (Ching dynasty, ค.ศ. ๑๖๖๒ - ๑๙๑๑) นั้น มีการส่งข่าวสาร อยู่ ๒ ระบบ คือการเดินหนังสือราชการธรรมดา และการเดินหนังสือด่วนครอบคลุมทั่วประเทศ มี ม้าใช้เป็นพาหนะรับส่ง และมีสถานีสับเปลี่ยน ________  ในเส้นทางทะเลทราย ก็ใช้อูฐเป็นพาหนะ
( ม้า )
ก. ม้า
ข. หน้าต่าง
ค. ชั้น
ง. ล่อ


22. หลายประเทศสั่งห้ามการรับส่งจดหมายของบริษัท และให้อำนาจสิทธิ์ขาดแก่ ________ ของรัฐที่จัดตั้งขึ้น
( หน่วยงาน )
ก. หน่วยงาน
ข. ประเทศ
ค. จังหวัด
ง. การสำรองห้องพัก


23. กิจการ ________ ได้รับการพัฒนาเจริญก้าวหน้ามาเป็นอันมาก ทั้งในตัวระบบการไปรษณีย์เอง และการใช้อุปกรณ์เครื่องมือ ตลอดจนยานพาหนะต่างๆ มีการ ใช้เรือกลไฟ และรถไฟในการขนส่งถุงไปรษณีย์ บริการไปรษณีย์ซึ่งแต่ก่อนมักจะมีอยู่แต่ในเมืองใหญ่ๆ ในศตวรรษนี้
( ไปรษณีย์ )
ก. ไปรษณีย์
ข. หินอ่อน
ค. สาขาการบริหาร
ง. บริการเลือก


24. กิจการไปรษณีย์ได้รับการพัฒนาเจริญก้าวหน้ามาเป็นอันมาก ทั้งในตัวระบบการ ________ เอง และการใช้อุปกรณ์เครื่องมือ ตลอดจนยานพาหนะต่างๆ มีการ ใช้เรือกลไฟ และรถไฟในการขนส่งถุงไปรษณีย์ บริการไปรษณีย์ซึ่งแต่ก่อนมักจะมีอยู่แต่ในเมืองใหญ่ๆ ในศตวรรษนี้
( ไปรษณีย์ )
ก. ไปรษณีย์
ข. แท็ก
ค. หินอ่อน
ง. สาขาการบริหาร


25. กิจการไปรษณีย์ได้รับการพัฒนาเจริญก้าวหน้ามาเป็นอันมาก ทั้งในตัวระบบการไปรษณีย์เอง และการใช้อุปกรณ์เครื่องมือ ตลอดจนยานพาหนะต่างๆ มีการ ใช้เรือกลไฟ และรถไฟในการขนส่งถุง ________  บริการไปรษณีย์ซึ่งแต่ก่อนมักจะมีอยู่แต่ในเมืองใหญ่ๆ ในศตวรรษนี้
( ไปรษณีย์ )
ก. ไปรษณีย์
ข. หินอ่อน
ค. สาขาการบริหาร
ง. บริการเลือก


26. กิจการไปรษณีย์ได้รับการพัฒนาเจริญก้าวหน้ามาเป็นอันมาก ทั้งในตัวระบบการไปรษณีย์เอง และการใช้อุปกรณ์เครื่องมือ ตลอดจนยานพาหนะต่างๆ มีการ ใช้เรือกลไฟ และรถไฟในการขนส่งถุงไปรษณีย์ บริการ ________ ซึ่งแต่ก่อนมักจะมีอยู่แต่ในเมืองใหญ่ๆ ในศตวรรษนี้
( ไปรษณีย์ )
ก. ไปรษณีย์
ข. หินอ่อน
ค. สาขาการบริหาร
ง. บริการเลือก


27. ขยายตัวออกไปยังภูมิภาคต่างๆ รัฐบาลของ ________ ต่างๆ เริ่มซื้อกรรมสิทธิ์การจัดรับส่งไปรษณีย์ กลับมาเป็นของรัฐบาล และดำเนินการเอง
( ประเทศ )
ก. ประเทศ
ข. ประชากร
ค. พื้นบ้าน
ง. ตาย


28. จัดตั้งตู้ไปรษณีย์ไว้ตามจุดต่างๆ ไขเก็บ ________ วันละ ๓ ครั้ง
( จดหมาย )
ก. จดหมาย
ข. เส้น
ค. นักวิชาการระดับ
ง. สำเนา


29. การใช้ตัวอักษรเขียนข่าวสารติดต่อสื่อสารกันก็เริ่มมีขึ้น  ________ การส่ง ข่าวสารก็วิวัฒนาการขึ้นเป็นลำดับ
( ระบบ )
ก. ระบบ
ข. คน
ค. ไหล่
ง. กลับ


30. ทำการรับส่งจดหมาย ส่วนการ ________ ภายในตัวเมือง มีชาวฝรั่งเศสชื่อ เดอ วาลาเยร์ (De Valayer) คิดวิธีจัดตั้งไปรษณีย์ ขนาดย่อมขึ้น
( ไปรษณีย์ )
ก. ไปรษณีย์
ข. แท็ก
ค. หินอ่อน
ง. สาขาการบริหาร


31. ทำการรับส่งจดหมาย ส่วนการไปรษณีย์ภายในตัวเมือง มีชาวฝรั่งเศสชื่อ เดอ  ________ ลาเยร์ (De Valayer) คิดวิธีจัดตั้งไปรษณีย์ ขนาดย่อมขึ้น
( วา )
ก. วา
ข. เวอร์จิเนีย
ค. จอร์เจีย
ง. นิวยอร์ก


32. ทำการรับส่งจดหมาย ส่วนการไปรษณีย์ภายในตัวเมือง มีชาวฝรั่งเศสชื่อ เดอ วาลาเยร์ (De Valayer) คิดวิธีจัดตั้ง ________  ขนาดย่อมขึ้น
( ไปรษณีย์ )
ก. ไปรษณีย์
ข. หินอ่อน
ค. สาขาการบริหาร
ง. บริการเลือก


33. ทำการรับส่งจดหมาย ส่วนการไปรษณีย์ภายในตัวเมือง มีชาว ________ ชื่อ เดอ วาลาเยร์ (De Valayer) คิดวิธีจัดตั้งไปรษณีย์ ขนาดย่อมขึ้น
( ฝรั่งเศส )
ก. ฝรั่งเศส
ข. วัน
ค. บริการ
ง. มากกว่า


34. เมืองบอสตัน ในฝรั่งเศส พระเจ้าห ________ ส์ที่ ๑๔ ทรงวางรากฐานการไปรษณีย์หลวงของฝรั่งเศส
( ลุย )
ก. ลุย
ข. แอช
ค. ขยับเขยื่อน
ง. คอนเนอร์


35. เมือง ________ ตัน ในฝรั่งเศส พระเจ้าหลุยส์ที่ ๑๔ ทรงวางรากฐานการไปรษณีย์หลวงของฝรั่งเศส
( บอส )
ก. บอส
ข. ผู้รณรงค์
ค. พระเอก
ง. นายจ้าง


36. จำหน่ายแก่ประชาชนที่ต้องการส่งจดหมาย เดอ  ________ ลาเยร์ ได้รับพระราชทานพระบรมราชานุญาต จัดตั้งการไปรษณีย์ขนาดย่อม ตามความคิดของเขาขึ้นในปารีส เมื่อวันที่ ๔ สิงหาคม พ.ศ. ๒๑๙๖
( วา )
ก. วา
ข. เวอร์จิเนีย
ค. จอร์เจีย
ง. นิวยอร์ก


37. จำหน่ายแก่ประชาชนที่ต้องการส่งจดหมาย เดอ วาลาเยร์ ได้รับพระราชทานพระบรมราชานุญาต จัดตั้งการ ________ ขนาดย่อม ตามความคิดของเขาขึ้นในปารีส เมื่อวันที่ ๔ สิงหาคม พ.ศ. ๒๑๙๖
( ไปรษณีย์ )
ก. ไปรษณีย์
ข. หินอ่อน
ค. สาขาการบริหาร
ง. บริการเลือก


38. ต่อมาในยุคกลางได้มีการใช้ ________ พิราบสื่อสาร (pigeon post) ซึ่งสามารถทำได้รวดเร็ว และปลอดภัยกว่าวิธีการอื่นๆ ในระยะใกล้เคียงกัน ส่วนระบบการ ส่งข่าวสารเดิมคือม้าเร็ว หรือคนขี่ม้าก็ยังใช้อยู่ทั่ว ไป
( นก )
ก. นก
ข. สิงหนาท
ค. ตัด
ง. เกม


