1. ชุมชนมีหน้าที่ช่วยกัน ป้องกันการระบาดของโรคติดต่อ เก็บกักผู้ป่วยโรคเรื้อน ทำลายแหล่งแพร่โรค ปรับปรุงการสุขาภิบาล และส่งเสริมการอนามัย ________  การสาธารณสุขของชาวอียิปต์ มุ่งที่การอนามัยส่วนบุคคลเป็นสำคัญ ส่วนผู้ที่อ่อนแอเจ็บป่วย หรือพิการ มักจะทอดทิ้ง หรือทำลายเสีย
( แม่ )
ก. แม่
ข. โรงเรียน
ค. แม่บุญธรรม
ง. ตัวแทนแม่


2. เกิด ________ ขึ้น พลโลกมักจะเข้าใจกันว่า เป็นเพราะพระผู้เป็นเจ้าลงโทษ จึงเป็น สิ่งที่อยู่เหนือความสามารถของมนุษย์ ในการป้องกันตนเอง
( โรคระบาด )
ก. โรคระบาด
ข. ภัยพิบัติ
ค. pleurodynia แพร่ระบาดของโรค
ง. คลื่นสึนามิ


3. ประมาณ ๑,๐๐๐ ปีก่อนคริสตกาล ปราชญ์เฮโรโดตุส (Herodotus) ได้บันทึกไว้ว่า ชนชาติแรกที่ได้ชื่อว่า มีสุขภาพอนามัยดีกว่าเพื่อน ใน ________ ชาติ ที่รุ่งเรือง อยู่ในยุคนั้น ได้แก่ ชนเชื้อชาติอียิปต์
( หมู่ )
ก. หมู่
ข. สัตว์เพคะริ
ค. ฮิปโปโปเตมัส
ง. สัตว์ที่เคี้ยวเอื้อง


4. สิ่งเดียวที่ทำได้ คือ การแยกหรือกำจัด ________ ให้พ้นจากครอบครัว และชุมชน
( ผู้ป่วย )
ก. ผู้ป่วย
ข. คนบ้า
ค. ผู้ป่วยโรคเบาหวาน
ง. โมฆะ


5. มีหลักฐานว่า รู้จักรักษาอนามัยส่วนบุคคล รู้จักเก็บกักน้ำ และมี ________ สาธารณะ ชาวฮิบรูได้ถ่ายทอดความรู้ และการปฏิบัติ จากชาวอียิปต์
( ท่อระบายน้ำ )
ก. ท่อระบายน้ำ
ข. นานา
ค. ความอ่อนเพลีย
ง. ท่อระบาย


6. ปรากฏในข้อเขียนของ ________ ติคุส (Leviticus) ประมาณ ๑,๕๐๐ ปีก่อนคริสตกาล ซึ่งอาจกล่าวได้ว่า เป็นกติกาอนามัยฉบับแรกแห่งโลก กำหนดให้ประชาชนรักษาอนามัยส่วนบุคคล
( ลีวิ )
ก. ลีวิ
ข. มากกว่า
ค. ลิฟวิง
ง. ผลไม้เล็ก ๆ


7. ชุมชนมีหน้าที่ช่วยกัน ป้องกันการระบาดของโรคติดต่อ เก็บกักผู้ป่วย ________  ทำลายแหล่งแพร่โรค ปรับปรุงการสุขาภิบาล และส่งเสริมการอนามัยแม่ การสาธารณสุขของชาวอียิปต์ มุ่งที่การอนามัยส่วนบุคคลเป็นสำคัญ ส่วนผู้ที่อ่อนแอเจ็บป่วย หรือพิการ มักจะทอดทิ้ง หรือทำลายเสีย
( โรคเรื้อน )
ก. โรคเรื้อน
ข. โรคแท้งติดต่อ
ค. โรคบิด
ง. โรคตับอักเสบ


8. สิ่งเดียวที่ทำได้ คือ การแยกหรือกำจัดผู้ป่วยให้พ้นจาก ________  และชุมชน
( ครอบครัว )
ก. ครอบครัว
ข. ลูกพี่ลูกน้อง
ค. บุตร
ง. บรรพบุรุษ


9. หลักฐานทางประวัติศาสตร์ และ ________  ในระหว่าง ๓,๐๐๐-๑๐,๐๐๐ ปีก่อนคริสตกาล ปรากฏว่า ชนเชื้อชาติไมนอนส์ (Minoans) และเครตันส์ (Cretans) สร้างระบบเก็บกักน้ำ และระบายน้ำใช้ในท้องถิ่นของตนเอง
( โบราณคดี )
ก. โบราณคดี
ข. กลุ่มชาติพันธุ์
ค. ชาติพันธุ์วิทยา
ง. มานุษยวิทยากายภาพ


10. ชุมชนมีหน้าที่ช่วยกัน ป้องกันการระบาดของโรคติดต่อ เก็บกักผู้ป่วยโรคเรื้อน ทำลายแหล่งแพร่ ________  ปรับปรุงการสุขาภิบาล และส่งเสริมการอนามัยแม่ การสาธารณสุขของชาวอียิปต์ มุ่งที่การอนามัยส่วนบุคคลเป็นสำคัญ ส่วนผู้ที่อ่อนแอเจ็บป่วย หรือพิการ มักจะทอดทิ้ง หรือทำลายเสีย
( โรค )
ก. โรค
ข. ล่มสลาย
ค. ไข้มาลาเรีย
ง. เงื่อนไข


11. เกิดโรคระบาดขึ้น พลโลกมักจะเข้าใจกันว่า เป็นเพราะพระผู้เป็นเจ้าลงโทษ จึงเป็น สิ่ง ________ เหนือความสามารถของมนุษย์ ในการป้องกันตนเอง
( ที่อยู่ )
ก. ที่อยู่
ข. อาหารอันโอชะ
ค. ความสนใจ
ง. คำแนะนำ


12. มีหลักฐานว่า รู้จักรักษาอนามัยส่วนบุคคล รู้จักเก็บกัก ________  และมีท่อระบายน้ำสาธารณะ ชาวฮิบรูได้ถ่ายทอดความรู้ และการปฏิบัติ จากชาวอียิปต์
( น้ำ )
ก. น้ำ
ข. ไฮไดรด์
ค. เกลือแกง
ง. สารแอมโมเนีย


13. สิ่งเดียวที่ทำได้ คือ การแยกหรือกำจัดผู้ป่วยให้พ้นจากครอบครัว และ ________ 
( ชุมชน )
ก. ชุมชน
ข. คน
ค. โลก
ง. ผู้ฟัง


14.  ________ เดียวที่ทำได้ คือ การแยกหรือกำจัดผู้ป่วยให้พ้นจากครอบครัว และชุมชน
( สิ่ง )
ก. สิ่ง
ข. ส่วนหนึ่ง
ค. ธุรกิจส่วนตัว
ง. ความกังวลทางโลก


15. มีหลักฐานว่า รู้จักรักษาอนามัยส่วนบุคคล รู้จักเก็บกักน้ำ และมีท่อระบายน้ำสาธารณะ ชาวฮิบรูได้ถ่ายทอดความรู้ และการปฏิบัติ จากชาว ________ 
( อียิปต์ )
ก. อียิปต์
ข. โมร็อกโก
ค. ประเทศกานา
ง. แอฟริกาใต้


16. ปรากฏในข้อเขียนของลีวิติคุส (Leviticus) ประมาณ ๑,๕๐๐ ปีก่อนคริสตกาล ซึ่งอาจกล่าวได้ว่า เป็นกติกาอนามัยฉบับแรกแห่ง ________  กำหนดให้ประชาชนรักษาอนามัยส่วนบุคคล
( โลก )
ก. โลก
ข. ที่ตั้ง
ค. เรื่อง
ง. ธุรกิจส่วนตัว


17. ประมาณ ๑,๐๐๐ ปีก่อนคริสตกาล ปราชญ์เฮโรโดตุส (Herodotus) ได้บันทึกไว้ว่า ชนชาติแรกที่ได้ชื่อว่า มี ________ อนามัยดีกว่าเพื่อน ในหมู่ชาติ ที่รุ่งเรือง อยู่ในยุคนั้น ได้แก่ ชนเชื้อชาติอียิปต์
( สุขภาพ )
ก. สุขภาพ
ข. ทาง
ค. สวรรค์ของคนโง่
ง. สถานที่


18. เขียนโดย  ________ คราเตส (Hippocrates) ก็มีข้อความพูดถึงความสัมพันธ์ระหว่าง โรคภัยไข้เจ็บ กับสิ่งแวดล้อม ซึ่งเป็นรากฐาน ของแนวความคิดเกี่ยวกับโรคภัยไข้เจ็บในยุคต่อมา
( ฮิปโป )
ก. ฮิปโป
ข. สุกร
ค. สัตว์เพคะริ
ง. สัตว์ที่เคี้ยวเอื้อง


19. เขียนโดย ฮิปโป ________ เตส (Hippocrates) ก็มีข้อความพูดถึงความสัมพันธ์ระหว่าง โรคภัยไข้เจ็บ กับสิ่งแวดล้อม ซึ่งเป็นรากฐาน ของแนวความคิดเกี่ยวกับโรคภัยไข้เจ็บในยุคต่อมา
( ครา )
ก. ครา
ข. เมืองชิคาโก
ค. ดัลลัส
ง. ซานฟรานซิสโก


20. คนในสมัยโบราณรู้จักการ ________  และรักษาอนามัยส่วนบุคคล เนื่องจากเหตุผลทางศาสนาเป็นสำคัญ คือ มุ่งที่จะให้ตนเองบริสุทธิ์สะอาดในการประกอบพิธีกรรมทางศาสนา หรือในการสวดมนต์ภาวนา นับเป็นพันๆ ปีมาแล้ว
( ทำความสะอาด )
ก. ทำความสะอาด
ข. พัฒนาการ
ค. สร้างสรรค์สิ่งใหม่ ๆ
ง. ปฏิรูป


21. เขียนโดย ฮิปโปคราเตส (Hippocrates) ก็มีข้อความพูดถึงความสัมพันธ์ระหว่าง  ________  กับสิ่งแวดล้อม ซึ่งเป็นรากฐาน ของแนวความคิดเกี่ยวกับโรคภัยไข้เจ็บในยุคต่อมา
( โรคภัยไข้เจ็บ )
ก. โรคภัยไข้เจ็บ
ข. ล่มสลาย
ค. ไข้มาลาเรีย
ง. เงื่อนไข


22. เขียนโดย ฮิปโปคราเตส (Hippocrates) ก็มีข้อความพูดถึงความสัมพันธ์ระหว่าง โรคภัยไข้เจ็บ กับสิ่งแวดล้อม ซึ่งเป็นรากฐาน ของแนวความคิดเกี่ยวกับ ________ ในยุคต่อมา
( โรคภัยไข้เจ็บ )
ก. โรคภัยไข้เจ็บ
ข. การเจริญเติบโต
ค. เงื่อนไข
ง. ล่มสลาย


23. ชุมชนมีหน้าที่ช่วยกัน ป้องกันการระบาดของโรคติดต่อ เก็บกัก ________ โรคเรื้อน ทำลายแหล่งแพร่โรค ปรับปรุงการสุขาภิบาล และส่งเสริมการอนามัยแม่ การสาธารณสุขของชาวอียิปต์ มุ่งที่การอนามัยส่วนบุคคลเป็นสำคัญ ส่วนผู้ที่อ่อนแอเจ็บป่วย หรือพิการ มักจะทอดทิ้ง หรือทำลายเสีย
( ผู้ป่วย )
ก. ผู้ป่วย
ข. คนบ้า
ค. ผู้ป่วยโรคเบาหวาน
ง. โมฆะ


24. มีหลักฐานว่า รู้จักรักษาอนามัยส่วนบุคคล รู้จักเก็บกักน้ำ และมีท่อระบายน้ำสาธารณะ ชาว ________ ได้ถ่ายทอดความรู้ และการปฏิบัติ จากชาวอียิปต์
( ฮิบรู )
ก. ฮิบรู
ข. เพื่อน
ค. ชาวสลาฟ
ง. ผู้ปฏิบัติงาน


25. อย่างไรก็ดี ในระหว่างศตวรรษที่ ๔ และ ศตวรรษที่ ๕ ก่อนคริสตกาล ซึ่งเป็นสมัยอารยธรรมกรีก มีหลักฐานปรากฏว่า มนุษย์เรารู้จักคิดหา ________  ของโรคภัยไข้เจ็บ
( สาเหตุ )
ก. สาเหตุ
ข. การทดลอง
ค. ผลุนผลัน
ง. อันตราย


26. อย่างไรก็ดี ในระหว่างศตวรรษที่ ๔ และ ศตวรรษที่ ๕ ก่อนคริสตกาล ซึ่งเป็นสมัยอารยธรรมกรีก มีหลักฐานปรากฏว่า มนุษย์เรารู้จักคิดหาสาเหตุ ของ ________ 
( โรคภัยไข้เจ็บ )
ก. โรคภัยไข้เจ็บ
ข. ล่มสลาย
ค. เงื่อนไข
ง. ไข้มาลาเรีย


27. เนื่องมาจากสิ่งแวดล้อม เช่น ในระหว่าง ปี ๕๐๓-๔๐๓ ก่อนคริสตกาล พบว่าไข้จับสั่น (มาลาเรีย) มีความสัมพันธ์กับแหล่งที่มี ________ ขัง ในหนังสือเรื่อง "อากาศ น้ำ และแผ่นดิน"
( น้ำ )
ก. น้ำ
ข. หลักสูตร
ค. ไฮไดรด์
ง. เกลือแกง


28. เนื่องมาจากสิ่งแวดล้อม เช่น ในระหว่าง ปี ๕๐๓-๔๐๓ ก่อนคริสตกาล พบว่าไข้จับสั่น (มาลาเรีย) มีความสัมพันธ์กับแหล่งที่มีน้ำขัง ในหนังสือเรื่อง "อากาศ  ________  และแผ่นดิน"
( น้ำ )
ก. น้ำ
ข. หลักสูตร
ค. ไฮไดรด์
ง. เกลือแกง


29. ชุมชนมีหน้าที่ช่วยกัน ป้องกันการ ________ ของโรคติดต่อ เก็บกักผู้ป่วยโรคเรื้อน ทำลายแหล่งแพร่โรค ปรับปรุงการสุขาภิบาล และส่งเสริมการอนามัยแม่ การสาธารณสุขของชาวอียิปต์ มุ่งที่การอนามัยส่วนบุคคลเป็นสำคัญ ส่วนผู้ที่อ่อนแอเจ็บป่วย หรือพิการ มักจะทอดทิ้ง หรือทำลายเสีย
( ระบาด )
ก. ระบาด
ข. เพื่อน
ค. ชาวยิว
ง. ชาวสลาฟ


30. ชุมชนมีหน้าที่ช่วยกัน ป้องกันการระบาดของโรคติดต่อ เก็บกักผู้ป่วยโรคเรื้อน ทำลายแหล่งแพร่โรค ปรับปรุงการสุขาภิบาล และส่งเสริมการอนามัยแม่ การสาธารณสุขของชาว ________  มุ่งที่การอนามัยส่วนบุคคลเป็นสำคัญ ส่วนผู้ที่อ่อนแอเจ็บป่วย หรือพิการ มักจะทอดทิ้ง หรือทำลายเสีย
( อียิปต์ )
ก. อียิปต์
ข. โมร็อกโก
ค. ประเทศกานา
ง. แอฟริกาใต้


31. หลักฐานทางประวัติศาสตร์ และโบราณคดี ในระหว่าง ๓,๐๐๐-๑๐,๐๐๐ ปีก่อนคริสตกาล ปรากฏว่า ชนเชื้อชาติไมนอนส์ (Minoans) และเครตันส์ (Cretans) สร้างระบบเก็บกักน้ำ และระบายน้ำใช้ใน ________ ของตนเอง
( ท้องถิ่น )
ก. ท้องถิ่น
ข. รถไฟ
ค. รถบัส
ง. ด่วน


32. คนในสมัยโบราณรู้จักการทำความสะอาด และรักษาอนามัยส่วนบุคคล เนื่องจากเหตุผลทางศาสนาเป็นสำคัญ คือ มุ่งที่จะให้ตนเองบริสุทธิ์สะอาดในการประกอบ ________ ทางศาสนา หรือในการสวดมนต์ภาวนา นับเป็นพันๆ ปีมาแล้ว
( พิธีกรรม )
ก. พิธีกรรม
ข. ความตื่นเต้น
ค. มวล
ง. บริการ


33. เขียนโดย ฮิปโปคราเตส (Hippocrates) ก็มีข้อความพูดถึงความสัมพันธ์ระหว่าง โรคภัยไข้เจ็บ กับสิ่งแวดล้อม ซึ่งเป็นรากฐาน ของ ________ เกี่ยวกับโรคภัยไข้เจ็บในยุคต่อมา
( แนวความคิด )
ก. แนวความคิด
ข. วางแผน
ค. ปฏิกิริยา
ง. ข้อเสนอแนะ


34. เกิดโรคระบาดขึ้น พลโลกมักจะเข้าใจกันว่า เป็นเพราะพระผู้เป็นเจ้าลงโทษ จึงเป็น  ________ ที่อยู่เหนือความสามารถของมนุษย์ ในการป้องกันตนเอง
( สิ่ง )
ก. สิ่ง
ข. ส่วนหนึ่ง
ค. พื้นผิว
ง. เวลา


35. เกิดโรคระบาดขึ้น พลโลกมักจะเข้าใจกันว่า เป็นเพราะ ________ ลงโทษ จึงเป็น สิ่งที่อยู่เหนือความสามารถของมนุษย์ ในการป้องกันตนเอง
( พระผู้เป็นเจ้า )
ก. พระผู้เป็นเจ้า
ข. ผู้ดูแล
ค. ดีกว่า
ง. วิญญาณ


36. มีหลักฐานว่า รู้จักรักษา ________ ส่วนบุคคล รู้จักเก็บกักน้ำ และมีท่อระบายน้ำสาธารณะ ชาวฮิบรูได้ถ่ายทอดความรู้ และการปฏิบัติ จากชาวอียิปต์
( อนามัย )
ก. อนามัย
ข. การฟอก
ค. ขัด
ง. การกวาด


37. หลักฐานทางประวัติศาสตร์ และโบราณคดี ในระหว่าง ๓,๐๐๐-๑๐,๐๐๐ ปีก่อนคริสตกาล ปรากฏว่า ชนเชื้อชาติไมนอนส์ (Minoans) และเครตันส์ (Cretans) สร้างระบบเก็บกัก ________  และระบายน้ำใช้ในท้องถิ่นของตนเอง
( น้ำ )
ก. น้ำ
ข. ไฮไดรด์
ค. เกลือแกง
ง. สารแอมโมเนีย


38. หลักฐานทางประวัติศาสตร์ และโบราณคดี ในระหว่าง ๓,๐๐๐-๑๐,๐๐๐ ปีก่อนคริสตกาล ปรากฏว่า ชนเชื้อชาติไมนอนส์ (Minoans) และเครตันส์ (Cretans) สร้างระบบเก็บกักน้ำ และระบาย ________ ใช้ในท้องถิ่นของตนเอง
( น้ำ )
ก. น้ำ
ข. ไฮไดรด์
ค. เกลือแกง
ง. สารแอมโมเนีย


39. ประมาณ ๑,๐๐๐ ปีก่อนคริสตกาล ปราชญ์เฮโรโดตุส (Herodotus) ได้บันทึกไว้ว่า ชนชาติแรกที่ได้ชื่อว่า มีสุขภาพอนามัยดีกว่าเพื่อน ในหมู่ชาติ ที่รุ่งเรือง อยู่ในยุคนั้น ได้แก่ ชนเชื้อชาติ ________ 
( อียิปต์ )
ก. อียิปต์
ข. โมร็อกโก
ค. ประเทศกานา
ง. แอฟริกาใต้


40. ประมาณ ๑,๐๐๐ ปีก่อนคริสตกาล ปราชญ์เฮโรโดตุส (Herodotus) ได้บันทึกไว้ว่า ชนชาติแรกที่ได้ชื่อว่า มีสุขภาพอนามัยดีกว่าเพื่อน ในหมู่ ________  ที่รุ่งเรือง อยู่ในยุคนั้น ได้แก่ ชนเชื้อชาติอียิปต์
( ชาติ )
ก. ชาติ
ข. ห้วยร่วม
ค. ลีก Hanseatic
ง. วิลลาร์ด


41. ประมาณ ๑,๐๐๐ ปีก่อนคริสตกาล ปราชญ์เฮโรโดตุส (Herodotus) ได้บันทึกไว้ว่า ชนชาติแรกที่ได้ชื่อว่า มีสุขภาพอนามัยดีกว่าเพื่อน ในหมู่ชาติ ที่รุ่งเรือง อยู่ในยุคนั้น ได้แก่  ________ เชื้อชาติอียิปต์
( ชน )
ก. ชน
ข. ความเสียหาย
ค. การปะทะกัน
ง. แตกเรือ


42. เกิดโรคระบาดขึ้น พลโลกมักจะเข้าใจกันว่า เป็นเพราะพระผู้เป็นเจ้าลงโทษ จึงเป็น สิ่งที่อยู่เหนือความสามารถของ ________  ในการป้องกันตนเอง
( มนุษย์ )
ก. มนุษย์
ข. คน
ค. เพื่อน
ง. เด็กผู้ชาย


43. ประมาณ ๑,๐๐๐ ปีก่อนคริสตกาล  ________ เฮโรโดตุส (Herodotus) ได้บันทึกไว้ว่า ชนชาติแรกที่ได้ชื่อว่า มีสุขภาพอนามัยดีกว่าเพื่อน ในหมู่ชาติ ที่รุ่งเรือง อยู่ในยุคนั้น ได้แก่ ชนเชื้อชาติอียิปต์
( ปราชญ์ )
ก. ปราชญ์
ข. เพื่อน
ค. ชาวยิว
ง. นักประวัติศาสตร์


44. ปรากฏในข้อเขียนของลีวิ ________ คุส (Leviticus) ประมาณ ๑,๕๐๐ ปีก่อนคริสตกาล ซึ่งอาจกล่าวได้ว่า เป็นกติกาอนามัยฉบับแรกแห่งโลก กำหนดให้ประชาชนรักษาอนามัยส่วนบุคคล
( ติ )
ก. ติ
ข. การละทิ้งศาสนา
ค. ไม่เห็นด้วย
ง. การตำหนิ


45. ประมาณ ๑,๐๐๐ ปีก่อนคริสตกาล ปราชญ์ ________ โรโดตุส (Herodotus) ได้บันทึกไว้ว่า ชนชาติแรกที่ได้ชื่อว่า มีสุขภาพอนามัยดีกว่าเพื่อน ในหมู่ชาติ ที่รุ่งเรือง อยู่ในยุคนั้น ได้แก่ ชนเชื้อชาติอียิปต์
( เฮ )
ก. เฮ
ข. สวรรค์ของคนโง่
ค. กรณี
ง. ทาง


46. ชุมชนมีหน้าที่ช่วยกัน ป้องกันการระบาดของ ________  เก็บกักผู้ป่วยโรคเรื้อน ทำลายแหล่งแพร่โรค ปรับปรุงการสุขาภิบาล และส่งเสริมการอนามัยแม่ การสาธารณสุขของชาวอียิปต์ มุ่งที่การอนามัยส่วนบุคคลเป็นสำคัญ ส่วนผู้ที่อ่อนแอเจ็บป่วย หรือพิการ มักจะทอดทิ้ง หรือทำลายเสีย
( โรคติดต่อ )
ก. โรคติดต่อ
ข. ความเสียหาย
ค. เจ็บป่วย
ง. อารมณ์ร้าย


47. หลักฐานทางประวัติศาสตร์ และโบราณคดี ในระหว่าง ๓,๐๐๐-๑๐,๐๐๐ ปีก่อนคริสตกาล ปรากฏว่า  ________ เชื้อชาติไมนอนส์ (Minoans) และเครตันส์ (Cretans) สร้างระบบเก็บกักน้ำ และระบายน้ำใช้ในท้องถิ่นของตนเอง
( ชน )
ก. ชน
ข. ความเสียหาย
ค. การปะทะกัน
ง. แตกเรือ


48. คนใน ________ รู้จักการทำความสะอาด และรักษาอนามัยส่วนบุคคล เนื่องจากเหตุผลทางศาสนาเป็นสำคัญ คือ มุ่งที่จะให้ตนเองบริสุทธิ์สะอาดในการประกอบพิธีกรรมทางศาสนา หรือในการสวดมนต์ภาวนา นับเป็นพันๆ ปีมาแล้ว
( สมัยโบราณ )
ก. สมัยโบราณ
ข. พื้นผิว
ค. สิ่ง
ง. หันของศตวรรษที่


49. คนในสมัยโบราณรู้จักการทำความสะอาด และรักษา ________ ส่วนบุคคล เนื่องจากเหตุผลทางศาสนาเป็นสำคัญ คือ มุ่งที่จะให้ตนเองบริสุทธิ์สะอาดในการประกอบพิธีกรรมทางศาสนา หรือในการสวดมนต์ภาวนา นับเป็นพันๆ ปีมาแล้ว
( อนามัย )
ก. อนามัย
ข. การฟอก
ค. ขัด
ง. การกวาด


50. หลักฐานทางประวัติศาสตร์ และโบราณคดี ในระหว่าง ๓,๐๐๐-๑๐,๐๐๐ ปีก่อนคริสตกาล ปรากฏว่า ชนเชื้อชาติไมนอนส์ (Minoans) และเคร ________ ส์ (Cretans) สร้างระบบเก็บกักน้ำ และระบายน้ำใช้ในท้องถิ่นของตนเอง
( ตัน )
ก. ตัน
ข. ปอนด์
ค. ตันสั้น
ง. เมล็ดข้าว


51. เขียนโดย ฮิปโปคราเตส (Hippocrates) ก็มีข้อความพูดถึงความสัมพันธ์ระหว่าง โรคภัยไข้เจ็บ กับสิ่งแวดล้อม ซึ่งเป็นรากฐาน ของแนวความคิดเกี่ยวกับโรคภัยไข้เจ็บใน ________ ต่อมา
( ยุค )
ก. ยุค
ข. เวลา
ค. ศตวรรษ
ง. ตอนเช้า


52. เกิดโรคระบาดขึ้น พลโลกมักจะเข้าใจกันว่า เป็นเพราะพระผู้เป็นเจ้าลงโทษ จึงเป็น สิ่งที่อยู่เหนือ ________ ของมนุษย์ ในการป้องกันตนเอง
( ความสามารถ )
ก. ความสามารถ
ข. ข้อแตกต่าง
ค. สถานที่
ง. ท่าที


53. คนในสมัยโบราณรู้จักการทำความสะอาด และรักษาอนามัยส่วนบุคคล เนื่องจากเหตุผลทางศาสนาเป็นสำคัญ คือ มุ่งที่จะให้ตนเองบริสุทธิ์สะอาดในการประกอบพิธีกรรมทางศาสนา หรือในการสวดมนต์ภาวนา นับเป็นพันๆ  ________ มาแล้ว
( ปี )
ก. ปี
ข. เวลา
ค. ศตวรรษ
ง. ชุมชน


54. เนื่องมาจากสิ่งแวดล้อม เช่น ในระหว่าง ปี ๕๐๓-๔๐๓ ก่อนคริสตกาล พบว่าไข้จับสั่น (มาลาเรีย) มีความสัมพันธ์กับแหล่งที่มีน้ำขัง ในหนังสือเรื่อง "อากาศ น้ำ และ ________ "
( แผ่นดิน )
ก. แผ่นดิน
ข. ที่ตั้ง
ค. หน้า
ง. ลุย


55. คนในสมัยโบราณรู้จักการทำความสะอาด และรักษาอนามัยส่วนบุคคล เนื่องจาก ________ ทางศาสนาเป็นสำคัญ คือ มุ่งที่จะให้ตนเองบริสุทธิ์สะอาดในการประกอบพิธีกรรมทางศาสนา หรือในการสวดมนต์ภาวนา นับเป็นพันๆ ปีมาแล้ว
( เหตุผล )
ก. เหตุผล
ข. ความสว่าง
ค. ป้องกัน
ง. ความจริง


56. เขียนโดย ฮิปโปคราเตส (Hippocrates) ก็มีข้อความพูดถึงความสัมพันธ์ระหว่าง โรคภัยไข้เจ็บ กับ ________  ซึ่งเป็นรากฐาน ของแนวความคิดเกี่ยวกับโรคภัยไข้เจ็บในยุคต่อมา
( สิ่งแวดล้อม )
ก. สิ่งแวดล้อม
ข. สิ่ง
ค. สถานที่
ง. ประเทศ


57. อย่างไรก็ดี ในระหว่างศตวรรษที่ ๔ และ ศตวรรษที่  ________  ก่อนคริสตกาล ซึ่งเป็นสมัยอารยธรรมกรีก มีหลักฐานปรากฏว่า มนุษย์เรารู้จักคิดหาสาเหตุ ของโรคภัยไข้เจ็บ
( ๕ )
ก. ๕
ข. หนึ่ง
ค. สี่
ง. สอง


58. อย่างไรก็ดี ในระหว่างศตวรรษที่  ________  และ ศตวรรษที่ ๕ ก่อนคริสตกาล ซึ่งเป็นสมัยอารยธรรมกรีก มีหลักฐานปรากฏว่า มนุษย์เรารู้จักคิดหาสาเหตุ ของโรคภัยไข้เจ็บ
( ๔ )
ก. ๔
ข. หนึ่ง
ค. สอง
ง. เก้า


59. ประมาณ ๑,๐๐๐ ปีก่อนคริสตกาล ปราชญ์เฮโรโดตุส (Herodotus) ได้บันทึกไว้ว่า ชนชาติแรกที่ได้ชื่อว่า มีสุขภาพอนามัยดีกว่า ________  ในหมู่ชาติ ที่รุ่งเรือง อยู่ในยุคนั้น ได้แก่ ชนเชื้อชาติอียิปต์
( เพื่อน )
ก. เพื่อน
ข. สมาชิก
ค. ชาวยิว
ง. คาทอลิก


60. มีหลักฐานว่า รู้จักรักษาอนามัยส่วนบุคคล รู้จักเก็บกักน้ำ และมีท่อระบายน้ำ ________  ชาวฮิบรูได้ถ่ายทอดความรู้ และการปฏิบัติ จากชาวอียิปต์
( สาธารณะ )
ก. สาธารณะ
ข. วิทยาลัย
ค. โรงเรียน
ง. มหาวิทยาลัย


61. ปรากฏในข้อเขียนของลีวิติคุส (Leviticus) ประมาณ ๑, ________  ปีก่อนคริสตกาล ซึ่งอาจกล่าวได้ว่า เป็นกติกาอนามัยฉบับแรกแห่งโลก กำหนดให้ประชาชนรักษาอนามัยส่วนบุคคล
( ๕๐๐ )
ก. ๕๐๐
ข. พัน
ค. ล้าน
ง. หนึ่งหมื่น


62. ปรากฏในข้อเขียนของลีวิติคุส (Leviticus) ประมาณ ๑,๕๐๐ ปีก่อนคริสตกาล ซึ่งอาจกล่าวได้ว่า เป็นกติกา ________ ฉบับแรกแห่งโลก กำหนดให้ประชาชนรักษาอนามัยส่วนบุคคล
( อนามัย )
ก. อนามัย
ข. การกวาด
ค. การทำหมัน
ง. การฟอก


63. ปรากฏในข้อเขียนของลีวิติคุส (Leviticus) ประมาณ ๑,๕๐๐ ปีก่อนคริสตกาล ซึ่งอาจกล่าวได้ว่า เป็นกติกาอนามัยฉบับแรกแห่งโลก กำหนดให้ประชาชนรักษา ________ ส่วนบุคคล
( อนามัย )
ก. อนามัย
ข. การฟอก
ค. ขัด
ง. การกวาด


64. ปรากฏในข้อเขียนของลีวิติคุส (Leviticus) ประมาณ  ________ ,๕๐๐ ปีก่อนคริสตกาล ซึ่งอาจกล่าวได้ว่า เป็นกติกาอนามัยฉบับแรกแห่งโลก กำหนดให้ประชาชนรักษาอนามัยส่วนบุคคล
( ๑ )
ก. ๑
ข. สี่
ค. สอง
ง. เก้า


65. ปรากฏในข้อเขียนของลีวิติคุส (Leviticus) ประมาณ ๑,๕๐๐  ________ ก่อนคริสตกาล ซึ่งอาจกล่าวได้ว่า เป็นกติกาอนามัยฉบับแรกแห่งโลก กำหนดให้ประชาชนรักษาอนามัยส่วนบุคคล
( ปี )
ก. ปี
ข. ศตวรรษ
ค. เวลา
ง. ตอนเช้า


66. ชุมชนมีหน้าที่ช่วยกัน ป้องกันการระบาดของโรคติดต่อ เก็บกักผู้ป่วยโรคเรื้อน ทำลายแหล่งแพร่โรค ปรับปรุงการสุขาภิบาล และส่งเสริมการ ________ แม่ การสาธารณสุขของชาวอียิปต์ มุ่งที่การอนามัยส่วนบุคคลเป็นสำคัญ ส่วนผู้ที่อ่อนแอเจ็บป่วย หรือพิการ มักจะทอดทิ้ง หรือทำลายเสีย
( อนามัย )
ก. อนามัย
ข. การฟอก
ค. ขัด
ง. การกวาด


67. ชุมชนมีหน้าที่ช่วยกัน ป้องกันการระบาดของโรคติดต่อ เก็บกักผู้ป่วยโรคเรื้อน ทำลายแหล่งแพร่โรค ปรับปรุงการสุขาภิบาล และส่งเสริมการอนามัยแม่ การสาธารณสุขของชาวอียิปต์ มุ่งที่การ ________ ส่วนบุคคลเป็นสำคัญ ส่วนผู้ที่อ่อนแอเจ็บป่วย หรือพิการ มักจะทอดทิ้ง หรือทำลายเสีย
( อนามัย )
ก. อนามัย
ข. การฟอก
ค. ขัด
ง. การกวาด


68. ชุมชนมีหน้าที่ช่วยกัน ป้องกันการระบาดของโรคติดต่อ เก็บกักผู้ป่วยโรคเรื้อน ทำลาย ________ แพร่โรค ปรับปรุงการสุขาภิบาล และส่งเสริมการอนามัยแม่ การสาธารณสุขของชาวอียิปต์ มุ่งที่การอนามัยส่วนบุคคลเป็นสำคัญ ส่วนผู้ที่อ่อนแอเจ็บป่วย หรือพิการ มักจะทอดทิ้ง หรือทำลายเสีย
( แหล่ง )
ก. แหล่ง
ข. หนังสือ
ค. นักเขียน
ง. นิตยสาร


69. หลักฐานทางประวัติศาสตร์ และโบราณคดี ในระหว่าง ๓,๐๐๐-๑๐,๐๐๐ ปีก่อนคริสตกาล ปรากฏว่า ชนเชื้อชา ________ ไมนอนส์ (Minoans) และเครตันส์ (Cretans) สร้างระบบเก็บกักน้ำ และระบายน้ำใช้ในท้องถิ่นของตนเอง
( ติ )
ก. ติ
ข. การละทิ้งศาสนา
ค. ไม่เห็นด้วย
ง. การตำหนิ


70. หลักฐานทางประวัติศาสตร์ และโบราณคดี ในระหว่าง ๓,๐๐๐-๑๐,๐๐๐ ปีก่อนคริสตกาล ปรากฏว่า ชน ________ ชาติไมนอนส์ (Minoans) และเครตันส์ (Cretans) สร้างระบบเก็บกักน้ำ และระบายน้ำใช้ในท้องถิ่นของตนเอง
( เชื้อ )
ก. เชื้อ
ข. ความเสียหาย
ค. เจ็บป่วย
ง. อารมณ์ร้าย


71. อย่างไรก็ดี ในระหว่าง ________ ที่ ๔ และ ศตวรรษที่ ๕ ก่อนคริสตกาล ซึ่งเป็นสมัยอารยธรรมกรีก มีหลักฐานปรากฏว่า มนุษย์เรารู้จักคิดหาสาเหตุ ของโรคภัยไข้เจ็บ
( ศตวรรษ )
ก. ศตวรรษ
ข. เวลา
ค. ตอนเช้า
ง. ปี


72. อย่างไรก็ดี ในระหว่างศตวรรษที่ ๔ และ  ________ ที่ ๕ ก่อนคริสตกาล ซึ่งเป็นสมัยอารยธรรมกรีก มีหลักฐานปรากฏว่า มนุษย์เรารู้จักคิดหาสาเหตุ ของโรคภัยไข้เจ็บ
( ศตวรรษ )
ก. ศตวรรษ
ข. เวลา
ค. ตอนเช้า
ง. ปี


73. เนื่องมาจากสิ่งแวดล้อม เช่น ในระหว่าง ปี ๕๐๓-๔๐๓ ก่อนคริสตกาล พบว่าไข้จับสั่น (มาลาเรีย) มีความสัมพันธ์กับ ________ ที่มีน้ำขัง ในหนังสือเรื่อง "อากาศ น้ำ และแผ่นดิน"
( แหล่ง )
ก. แหล่ง
ข. หนังสือ
ค. อ่าน
ง. นักเขียน


74. หลักฐานทางประวัติศาสตร์ และโบราณคดี ในระหว่าง ๓,๐๐๐-๑๐,๐๐๐ ปีก่อนคริสตกาล ปรากฏว่า ชนเชื้อ ________ ติไมนอนส์ (Minoans) และเครตันส์ (Cretans) สร้างระบบเก็บกักน้ำ และระบายน้ำใช้ในท้องถิ่นของตนเอง
( ชา )
ก. ชา
ข. ดอกกุหลาบ
ค. ม่วง
ง. ลีลาวดี


75. คนในสมัยโบราณรู้จักการทำความสะอาด และรักษาอนามัยส่วนบุคคล เนื่องจากเหตุผลทาง ________ เป็นสำคัญ คือ มุ่งที่จะให้ตนเองบริสุทธิ์สะอาดในการประกอบพิธีกรรมทางศาสนา หรือในการสวดมนต์ภาวนา นับเป็นพันๆ ปีมาแล้ว
( ศาสนา )
ก. ศาสนา
ข. บริษัท
ค. หวัง
ง. คิดว่า


76. คนในสมัยโบราณรู้จักการทำความสะอาด และรักษาอนามัยส่วนบุคคล เนื่องจากเหตุผลทางศาสนาเป็นสำคัญ คือ มุ่งที่จะให้ตนเองบริสุทธิ์สะอาดในการประกอบพิธีกรรมทาง ________  หรือในการสวดมนต์ภาวนา นับเป็นพันๆ ปีมาแล้ว
( ศาสนา )
ก. ศาสนา
ข. บริษัท
ค. หวัง
ง. การกุศล


77. เนื่องมาจาก ________  เช่น ในระหว่าง ปี ๕๐๓-๔๐๓ ก่อนคริสตกาล พบว่าไข้จับสั่น (มาลาเรีย) มีความสัมพันธ์กับแหล่งที่มีน้ำขัง ในหนังสือเรื่อง "อากาศ น้ำ และแผ่นดิน"
( สิ่งแวดล้อม )
ก. สิ่งแวดล้อม
ข. สิ่ง
ค. ซีกโลก
ง. สถานที่


78.  ________ มีหน้าที่ช่วยกัน ป้องกันการระบาดของโรคติดต่อ เก็บกักผู้ป่วยโรคเรื้อน ทำลายแหล่งแพร่โรค ปรับปรุงการสุขาภิบาล และส่งเสริมการอนามัยแม่ การสาธารณสุขของชาวอียิปต์ มุ่งที่การอนามัยส่วนบุคคลเป็นสำคัญ ส่วนผู้ที่อ่อนแอเจ็บป่วย หรือพิการ มักจะทอดทิ้ง หรือทำลายเสีย
( ชุมชน )
ก. ชุมชน
ข. คน
ค. โลก
ง. ผู้ฟัง


79. หลักฐานทางประวัติศาสตร์ และโบราณคดี ในระหว่าง ๓,๐๐๐-๑๐,๐๐๐ ปีก่อนคริสตกาล ปรากฏว่า ชนเชื้อชาติไมนอนส์ (Minoans) และเครตันส์ (Cretans) สร้าง ________ เก็บกักน้ำ และระบายน้ำใช้ในท้องถิ่นของตนเอง
( ระบบ )
ก. ระบบ
ข. คน
ค. โลก
ง. เทคนิค


80. เนื่องมาจากสิ่งแวดล้อม เช่น ในระหว่าง ปี ๕๐๓-๔๐๓ ก่อนคริสตกาล พบว่าไข้จับสั่น (มาลาเรีย) มีความสัมพันธ์กับแหล่งที่มีน้ำขัง ในหนังสือเรื่อง " ________  น้ำ และแผ่นดิน"
( อากาศ )
ก. อากาศ
ข. ด้าน
ค. บิวเทน
ง. เอทิลีน


81. อย่างไรก็ดี ในระหว่างศตวรรษที่ ๔ และ ศตวรรษที่ ๕ ก่อนคริสตกาล ซึ่งเป็นสมัยอารยธรรมกรีก มีหลักฐานปรากฏว่า  ________ เรารู้จักคิดหาสาเหตุ ของโรคภัยไข้เจ็บ
( มนุษย์ )
ก. มนุษย์
ข. เพื่อน
ค. คน
ง. เด็กผู้ชาย


82. อย่างไรก็ดี ในระหว่างศตวรรษที่ ๔ และ ศตวรรษที่ ๕ ก่อนคริสตกาล ซึ่งเป็นสมัยอารยธรรม ________  มีหลักฐานปรากฏว่า มนุษย์เรารู้จักคิดหาสาเหตุ ของโรคภัยไข้เจ็บ
( กรีก )
ก. กรีก
ข. เยอรมัน
ค. เสา
ง. ผู้ชายฝรั่งเศส


83. อย่างไรก็ดี ในระหว่างศตวรรษที่ ๔ และ ศตวรรษที่ ๕ ก่อนคริสตกาล ซึ่งเป็น ________ อารยธรรมกรีก มีหลักฐานปรากฏว่า มนุษย์เรารู้จักคิดหาสาเหตุ ของโรคภัยไข้เจ็บ
( สมัย )
ก. สมัย
ข. ปลาย
ค. การเริ่มต้น
ง. อุณหภูมิ


84. มี ________ ว่า รู้จักรักษาอนามัยส่วนบุคคล รู้จักเก็บกักน้ำ และมีท่อระบายน้ำสาธารณะ ชาวฮิบรูได้ถ่ายทอดความรู้ และการปฏิบัติ จากชาวอียิปต์
( หลักฐาน )
ก. หลักฐาน
ข. ความจริง
ค. วัสดุ
ง. ตัวอย่าง


85. ประมาณ ๑,๐๐๐ ปีก่อนคริสตกาล ปราชญ์เฮโรโดตุส (Herodotus) ได้บันทึกไว้ว่า ชนชาติแรกที่ได้ชื่อว่า มีสุขภาพ ________ ดีกว่าเพื่อน ในหมู่ชาติ ที่รุ่งเรือง อยู่ในยุคนั้น ได้แก่ ชนเชื้อชาติอียิปต์
( อนามัย )
ก. อนามัย
ข. การฟอก
ค. ขัด
ง. การกวาด


86. ประมาณ  ________ ,๐๐๐ ปีก่อนคริสตกาล ปราชญ์เฮโรโดตุส (Herodotus) ได้บันทึกไว้ว่า ชนชาติแรกที่ได้ชื่อว่า มีสุขภาพอนามัยดีกว่าเพื่อน ในหมู่ชาติ ที่รุ่งเรือง อยู่ในยุคนั้น ได้แก่ ชนเชื้อชาติอียิปต์
( ๑ )
ก. ๑
ข. สี่
ค. สอง
ง. เก้า


87. ประมาณ ๑,๐๐๐ ปีก่อนคริสตกาล ปราชญ์เฮโร ________ ตุส (Herodotus) ได้บันทึกไว้ว่า ชนชาติแรกที่ได้ชื่อว่า มีสุขภาพอนามัยดีกว่าเพื่อน ในหมู่ชาติ ที่รุ่งเรือง อยู่ในยุคนั้น ได้แก่ ชนเชื้อชาติอียิปต์
( โด )
ก. โด
ข. รถตู้
ค. รถวัว
ง. รถถ่านหิน


88. ประมาณ ๑,๐๐๐ ปีก่อนคริสตกาล ปราชญ์เฮโรโดตุส (Herodotus) ได้บันทึกไว้ว่า ชนชาติแรกที่ได้ชื่อว่า มีสุขภาพอนามัยดีกว่าเพื่อน ในหมู่ชาติ ที่รุ่งเรือง อยู่ใน ________ นั้น ได้แก่ ชนเชื้อชาติอียิปต์
( ยุค )
ก. ยุค
ข. เวลา
ค. ศตวรรษ
ง. ตอนเช้า


89. หลักฐานทางประวัติศาสตร์ และโบราณคดี ในระหว่าง ๓,๐๐๐-๑๐,๐๐๐ ปีก่อนคริสตกาล ปรากฏว่า ชนเชื้อชาติไมนอนส์ (Minoans) และเครตัน ________  (Cretans) สร้างระบบเก็บกักน้ำ และระบายน้ำใช้ในท้องถิ่นของตนเอง
( ส์ )
ก. ส์
ข. ด้าน
ค. รัฐสภา
ง. หอพัก


90. ประมาณ ๑,๐๐๐  ________ ก่อนคริสตกาล ปราชญ์เฮโรโดตุส (Herodotus) ได้บันทึกไว้ว่า ชนชาติแรกที่ได้ชื่อว่า มีสุขภาพอนามัยดีกว่าเพื่อน ในหมู่ชาติ ที่รุ่งเรือง อยู่ในยุคนั้น ได้แก่ ชนเชื้อชาติอียิปต์
( ปี )
ก. ปี
ข. ศตวรรษ
ค. เวลา
ง. ตอนเช้า


91. ชุมชนมีหน้าที่ช่วยกัน ป้องกันการระบาดของโรคติดต่อ เก็บกักผู้ป่วยโรคเรื้อน ทำลายแหล่งแพร่โรค ปรับปรุงการสุขาภิบาล และส่งเสริมการอนามัยแม่ การสาธารณสุขของชาวอียิปต์ มุ่งที่การอนามัยส่วนบุคคลเป็นสำคัญ ส่วนผู้ที่อ่อนแอเจ็บป่วย หรือ ________  มักจะทอดทิ้ง หรือทำลายเสีย
( พิการ )
ก. พิการ
ข. ประชากร
ค. พื้นบ้าน
ง. ตาย


92. อย่างไรก็ดี ในระหว่างศตวรรษที่ ๔ และ ศตวรรษที่ ๕  ________ นคริสตกาล ซึ่งเป็นสมัยอารยธรรมกรีก มีหลักฐานปรากฏว่า มนุษย์เรารู้จักคิดหาสาเหตุ ของโรคภัยไข้เจ็บ
( ก่อ )
ก. ก่อ
ข. ทาง
ค. เวลา
ง. ชุมชน


93. หลักฐานทางประวัติศาสตร์ และโบราณคดี ในระหว่าง  ________ ,๐๐๐-๑๐,๐๐๐ ปีก่อนคริสตกาล ปรากฏว่า ชนเชื้อชาติไมนอนส์ (Minoans) และเครตันส์ (Cretans) สร้างระบบเก็บกักน้ำ และระบายน้ำใช้ในท้องถิ่นของตนเอง
( ๓ )
ก. ๓
ข. สี่
ค. สอง
ง. เก้า


94. หลักฐานทางประวัติศาสตร์ และโบราณคดี ในระหว่าง ๓,๐๐๐- ________ ,๐๐๐ ปีก่อนคริสตกาล ปรากฏว่า ชนเชื้อชาติไมนอนส์ (Minoans) และเครตันส์ (Cretans) สร้างระบบเก็บกักน้ำ และระบายน้ำใช้ในท้องถิ่นของตนเอง
( ๑๐ )
ก. ๑๐
ข. พัน
ค. ล้าน
ง. หนึ่งหมื่น


95. หลักฐานทางประวัติศาสตร์ และโบราณคดี ในระหว่าง ๓,๐๐๐-๑๐,๐๐๐  ________ ก่อนคริสตกาล ปรากฏว่า ชนเชื้อชาติไมนอนส์ (Minoans) และเครตันส์ (Cretans) สร้างระบบเก็บกักน้ำ และระบายน้ำใช้ในท้องถิ่นของตนเอง
( ปี )
ก. ปี
ข. ศตวรรษ
ค. เวลา
ง. ตอนเช้า


96. เนื่องมาจากสิ่งแวดล้อม เช่น ในระหว่าง ปี ๕๐๓-๔๐๓ ก่อนคริสตกาล พบว่าไข้จับสั่น (มาลาเรีย) มีความสัมพันธ์กับแหล่งที่มีน้ำขัง ในหนังสือ ________  "อากาศ น้ำ และแผ่นดิน"
( เรื่อง )
ก. เรื่อง
ข. เพื่อน
ค. ชีวิต
ง. คำกริยา


97. เขียนโดย ฮิปโปคราเตส (Hippocrates) ก็มีข้อความพูดถึงความสัมพันธ์ระหว่าง โรคภัยไข้เจ็บ กับสิ่งแวดล้อม ซึ่งเป็น ________  ของแนวความคิดเกี่ยวกับโรคภัยไข้เจ็บในยุคต่อมา
( รากฐาน )
ก. รากฐาน
ข. กำหนด
ค. เขี่ย
ง. ประสบการณ์


98. เขียนโดย ฮิปโปคราเตส (Hippocrates) ก็มี ________ พูดถึงความสัมพันธ์ระหว่าง โรคภัยไข้เจ็บ กับสิ่งแวดล้อม ซึ่งเป็นรากฐาน ของแนวความคิดเกี่ยวกับโรคภัยไข้เจ็บในยุคต่อมา
( ข้อความ )
ก. ข้อความ
ข. เสียงพูด
ค. ภาษา
ง. การแสดง


99. ปรากฏในข้อเขียนของลีวิติคุส (Leviticus) ประมาณ ๑,๕๐๐ ปี ________ นคริสตกาล ซึ่งอาจกล่าวได้ว่า เป็นกติกาอนามัยฉบับแรกแห่งโลก กำหนดให้ประชาชนรักษาอนามัยส่วนบุคคล
( ก่อ )
ก. ก่อ
ข. รูปที่วาง
ค. หุ่นของนักพากย์
ง. ชุมชน


100. เขียนโดย ฮิปโปคราเตส (Hippocrates) ก็มีข้อความพูดถึง ________ ระหว่าง โรคภัยไข้เจ็บ กับสิ่งแวดล้อม ซึ่งเป็นรากฐาน ของแนวความคิดเกี่ยวกับโรคภัยไข้เจ็บในยุคต่อมา
( ความสัมพันธ์ )
ก. ความสัมพันธ์
ข. ความรู้สึก
ค. เสรีภาพ
ง. ความตาย


101. หลักฐานทาง ________  และโบราณคดี ในระหว่าง ๓,๐๐๐-๑๐,๐๐๐ ปีก่อนคริสตกาล ปรากฏว่า ชนเชื้อชาติไมนอนส์ (Minoans) และเครตันส์ (Cretans) สร้างระบบเก็บกักน้ำ และระบายน้ำใช้ในท้องถิ่นของตนเอง
( ประวัติศาสตร์ )
ก. ประวัติศาสตร์
ข. การออกแบบตกแต่งภายใน
ค. อังกฤษ
ง. ศิลปกรรม


102. เนื่องมาจากสิ่งแวดล้อม เช่น ในระหว่าง ปี ๕๐๓-๔๐๓  ________ นคริสตกาล พบว่าไข้จับสั่น (มาลาเรีย) มีความสัมพันธ์กับแหล่งที่มีน้ำขัง ในหนังสือเรื่อง "อากาศ น้ำ และแผ่นดิน"
( ก่อ )
ก. ก่อ
ข. รูปที่วาง
ค. หุ่นของนักพากย์
ง. ชุมชน


103. อย่างไรก็ดี ในระหว่างศตวรรษที่ ๔ และ ศตวรรษที่ ๕ ก่อนคริสตกาล ซึ่งเป็นสมัยอารยธรรมกรีก มี ________ ปรากฏว่า มนุษย์เรารู้จักคิดหาสาเหตุ ของโรคภัยไข้เจ็บ
( หลักฐาน )
ก. หลักฐาน
ข. ความจริง
ค. วัสดุ
ง. ตัวอย่าง


104. อย่างไรก็ดี ในระหว่างศตวรรษที่ ๔ และ ศตวรรษที่ ๕ ก่อนคริสตกาล ซึ่งเป็นสมัย ________ กรีก มีหลักฐานปรากฏว่า มนุษย์เรารู้จักคิดหาสาเหตุ ของโรคภัยไข้เจ็บ
( อารยธรรม )
ก. อารยธรรม
ข. วัฒนธรรม
ค. การกระจายอำนาจ
ง. กลายเป็นเมือง


105. ประมาณ ๑,๐๐๐ ปีก่อนคริสตกาล ปราชญ์เฮโรโดตุส (Herodotus) ได้บันทึกไว้ว่า  ________ แรกที่ได้ชื่อว่า มีสุขภาพอนามัยดีกว่าเพื่อน ในหมู่ชาติ ที่รุ่งเรือง อยู่ในยุคนั้น ได้แก่ ชนเชื้อชาติอียิปต์
( ชนชาติ )
ก. ชนชาติ
ข. คน
ค. โลก
ง. ตัด


106. ประมาณ ๑,๐๐๐ ปีก่อนคริสตกาล ปราชญ์เฮโรโดตุส (Herodotus) ได้บันทึกไว้ว่า ชนชาติแรกที่ได้ชื่อว่า มีสุขภาพอนามัยดีกว่าเพื่อน ในหมู่ชาติ ที่รุ่งเรือง อยู่ในยุคนั้น ได้แก่ ชน ________ อียิปต์
( เชื้อชาติ )
ก. เชื้อชาติ
ข. คน
ค. โลก
ง. ตัด


107. เนื่องมาจากสิ่งแวดล้อม เช่น ในระหว่าง ปี ๕๐๓-๔๐๓ ก่อนคริสตกาล พบว่าไข้จับสั่น (มาลาเรีย) มี ________ กับแหล่งที่มีน้ำขัง ในหนังสือเรื่อง "อากาศ น้ำ และแผ่นดิน"
( ความสัมพันธ์ )
ก. ความสัมพันธ์
ข. กำลัง
ค. ความรู้สึก
ง. เปลี่ยนแปลง


108. ประมาณ ๑,๐๐๐ ปี ________ นคริสตกาล ปราชญ์เฮโรโดตุส (Herodotus) ได้บันทึกไว้ว่า ชนชาติแรกที่ได้ชื่อว่า มีสุขภาพอนามัยดีกว่าเพื่อน ในหมู่ชาติ ที่รุ่งเรือง อยู่ในยุคนั้น ได้แก่ ชนเชื้อชาติอียิปต์
( ก่อ )
ก. ก่อ
ข. รูปที่วาง
ค. หุ่นของนักพากย์
ง. ชุมชน


109. หลักฐานทางประวัติศาสตร์ และโบราณคดี ในระหว่าง ๓,๐๐๐-๑๐,๐๐๐ ปี ________ นคริสตกาล ปรากฏว่า ชนเชื้อชาติไมนอนส์ (Minoans) และเครตันส์ (Cretans) สร้างระบบเก็บกักน้ำ และระบายน้ำใช้ในท้องถิ่นของตนเอง
( ก่อ )
ก. ก่อ
ข. รูปที่วาง
ค. หุ่นของนักพากย์
ง. ชุมชน


110. ชุมชน ________ ที่ช่วยกัน ป้องกันการระบาดของโรคติดต่อ เก็บกักผู้ป่วยโรคเรื้อน ทำลายแหล่งแพร่โรค ปรับปรุงการสุขาภิบาล และส่งเสริมการอนามัยแม่ การสาธารณสุขของชาวอียิปต์ มุ่งที่การอนามัยส่วนบุคคลเป็นสำคัญ ส่วนผู้ที่อ่อนแอเจ็บป่วย หรือพิการ มักจะทอดทิ้ง หรือทำลายเสีย
( มีหน้า )
ก. มีหน้า
ข. ช่องว่าง
ค. จุด
ง. บ้าน


111.  ________ ทางประวัติศาสตร์ และโบราณคดี ในระหว่าง ๓,๐๐๐-๑๐,๐๐๐ ปีก่อนคริสตกาล ปรากฏว่า ชนเชื้อชาติไมนอนส์ (Minoans) และเครตันส์ (Cretans) สร้างระบบเก็บกักน้ำ และระบายน้ำใช้ในท้องถิ่นของตนเอง
( หลักฐาน )
ก. หลักฐาน
ข. ความจริง
ค. วัสดุ
ง. หลักสูตรการศึกษา


112. ปรากฏในข้อเขียนของลีวิติคุส (Leviticus) ประมาณ ๑,๕๐๐ ปีก่อนคริสตกาล ซึ่งอาจกล่าวได้ว่า เป็นกติกาอนามัยฉบับแรกแห่งโลก กำหนดให้ ________ รักษาอนามัยส่วนบุคคล
( ประชาชน )
ก. ประชาชน
ข. คน
ค. โลก
ง. ราชวงศ์


113. ประมาณ ๑,๐๐๐ ปีก่อนคริสตกาล ปราชญ์เฮโรโดตุส (Herodotus) ได้บันทึกไว้ว่า ชนชาติแรกที่ ________ ว่า มีสุขภาพอนามัยดีกว่าเพื่อน ในหมู่ชาติ ที่รุ่งเรือง อยู่ในยุคนั้น ได้แก่ ชนเชื้อชาติอียิปต์
( ได้ชื่อ )
ก. ได้ชื่อ
ข. คน
ค. คำ
ง. ประโยชน์ของพระสงฆ์


114.  ________ สมัยโบราณรู้จักการทำความสะอาด และรักษาอนามัยส่วนบุคคล เนื่องจากเหตุผลทางศาสนาเป็นสำคัญ คือ มุ่งที่จะให้ตนเองบริสุทธิ์สะอาดในการประกอบพิธีกรรมทางศาสนา หรือในการสวดมนต์ภาวนา นับเป็นพันๆ ปีมาแล้ว
( คนใน )
ก. คนใน
ข. คน
ค. โลก
ง. ชื่อ


