1. ชุมชนมีหน้าที่ช่วยกัน ป้องกันการระบาดของโรคติดต่อ เก็บกักผู้ป่วยโรคเรื้อน ทำลายแหล่งแพร่โรค ปรับปรุงการสุขาภิบาล และส่งเสริมการอนามัย ________  การสาธารณสุขของชาวอียิปต์ มุ่งที่การอนามัยส่วนบุคคลเป็นสำคัญ ส่วนผู้ที่อ่อนแอเจ็บป่วย หรือพิการ มักจะทอดทิ้ง หรือทำลายเสีย
( แม่ )
ก. แม่
ข. โรงเรียน
ค. แม่บุญธรรม
ง. ตัวแทนแม่


2. เกิด ________ ขึ้น พลโลกมักจะเข้าใจกันว่า เป็นเพราะพระผู้เป็นเจ้าลงโทษ จึงเป็น สิ่งที่อยู่เหนือความสามารถของมนุษย์ ในการป้องกันตนเอง
( โรคระบาด )
ก. โรคระบาด
ข. คลื่นสึนามิ
ค. ความรำคาญ
ง. ซึ่งทำให้ระคายเคือง


3. ประมาณ ๑,๐๐๐ ปีก่อนคริสตกาล ปราชญ์เฮโรโดตุส (Herodotus) ได้บันทึกไว้ว่า ชนชาติแรกที่ได้ชื่อว่า มีสุขภาพอนามัยดีกว่าเพื่อน ใน ________ ชาติ ที่รุ่งเรือง อยู่ในยุคนั้น ได้แก่ ชนเชื้อชาติอียิปต์
( หมู่ )
ก. หมู่
ข. สัตว์เพคะริ
ค. ฮิปโปโปเตมัส
ง. สัตว์ที่เคี้ยวเอื้อง


4. สิ่งเดียวที่ทำได้ คือ การแยกหรือกำจัด ________ ให้พ้นจากครอบครัว และชุมชน
( ผู้ป่วย )
ก. ผู้ป่วย
ข. ลูกค้า
ค. คนบ้า
ง. ผู้ป่วยโรคเบาหวาน


5. มีหลักฐานว่า รู้จักรักษาอนามัยส่วนบุคคล รู้จักเก็บกักน้ำ และมี ________ สาธารณะ ชาวฮิบรูได้ถ่ายทอดความรู้ และการปฏิบัติ จากชาวอียิปต์
( ท่อระบายน้ำ )
ก. ท่อระบายน้ำ
ข. คอลัมน์
ค. นานา
ง. บาร์เรล


6. ปรากฏในข้อเขียนของ ________ ติคุส (Leviticus) ประมาณ ๑,๕๐๐ ปีก่อนคริสตกาล ซึ่งอาจกล่าวได้ว่า เป็นกติกาอนามัยฉบับแรกแห่งโลก กำหนดให้ประชาชนรักษาอนามัยส่วนบุคคล
( ลีวิ )
ก. ลีวิ
ข. มากกว่า
ค. วอลแตร์
ง. เจมส์


7. ชุมชนมีหน้าที่ช่วยกัน ป้องกันการระบาดของโรคติดต่อ เก็บกักผู้ป่วย ________  ทำลายแหล่งแพร่โรค ปรับปรุงการสุขาภิบาล และส่งเสริมการอนามัยแม่ การสาธารณสุขของชาวอียิปต์ มุ่งที่การอนามัยส่วนบุคคลเป็นสำคัญ ส่วนผู้ที่อ่อนแอเจ็บป่วย หรือพิการ มักจะทอดทิ้ง หรือทำลายเสีย
( โรคเรื้อน )
ก. โรคเรื้อน
ข. โรคแท้งติดต่อ
ค. โรคบิด
ง. โรคตับอักเสบ


8. สิ่งเดียวที่ทำได้ คือ การแยกหรือกำจัดผู้ป่วยให้พ้นจาก ________  และชุมชน
( ครอบครัว )
ก. ครอบครัว
ข. ข้อมูล
ค. กฎหมาย
ง. สายพันธุ์


9. หลักฐานทางประวัติศาสตร์ และ ________  ในระหว่าง ๓,๐๐๐-๑๐,๐๐๐ ปีก่อนคริสตกาล ปรากฏว่า ชนเชื้อชาติไมนอนส์ (Minoans) และเครตันส์ (Cretans) สร้างระบบเก็บกักน้ำ และระบายน้ำใช้ในท้องถิ่นของตนเอง
( โบราณคดี )
ก. โบราณคดี
ข. กลุ่มชาติพันธุ์
ค. ชาติพันธุ์วิทยา
ง. มานุษยวิทยากายภาพ


10. ชุมชนมีหน้าที่ช่วยกัน ป้องกันการระบาดของโรคติดต่อ เก็บกักผู้ป่วยโรคเรื้อน ทำลายแหล่งแพร่ ________  ปรับปรุงการสุขาภิบาล และส่งเสริมการอนามัยแม่ การสาธารณสุขของชาวอียิปต์ มุ่งที่การอนามัยส่วนบุคคลเป็นสำคัญ ส่วนผู้ที่อ่อนแอเจ็บป่วย หรือพิการ มักจะทอดทิ้ง หรือทำลายเสีย
( โรค )
ก. โรค
ข. ล่มสลาย
ค. ไข้มาลาเรีย
ง. เงื่อนไข


11. เกิดโรคระบาดขึ้น พลโลกมักจะเข้าใจกันว่า เป็นเพราะพระผู้เป็นเจ้าลงโทษ จึงเป็น สิ่ง ________ เหนือความสามารถของมนุษย์ ในการป้องกันตนเอง
( ที่อยู่ )
ก. ที่อยู่
ข. ความสนใจ
ค. น้ำเสียง
ง. เสนอ


12. มีหลักฐานว่า รู้จักรักษาอนามัยส่วนบุคคล รู้จักเก็บกัก ________  และมีท่อระบายน้ำสาธารณะ ชาวฮิบรูได้ถ่ายทอดความรู้ และการปฏิบัติ จากชาวอียิปต์
( น้ำ )
ก. น้ำ
ข. อาหาร
ค. ส่วนหนึ่ง
ง. สถานี


13. สิ่งเดียวที่ทำได้ คือ การแยกหรือกำจัดผู้ป่วยให้พ้นจากครอบครัว และ ________ 
( ชุมชน )
ก. ชุมชน
ข. คน
ค. ผู้ฟัง
ง. ฝูงชน


14.  ________ เดียวที่ทำได้ คือ การแยกหรือกำจัดผู้ป่วยให้พ้นจากครอบครัว และชุมชน
( สิ่ง )
ก. สิ่ง
ข. พื้นผิว
ค. อารมณ์
ง. วัตถุ


15. มีหลักฐานว่า รู้จักรักษาอนามัยส่วนบุคคล รู้จักเก็บกักน้ำ และมีท่อระบายน้ำสาธารณะ ชาวฮิบรูได้ถ่ายทอดความรู้ และการปฏิบัติ จากชาว ________ 
( อียิปต์ )
ก. อียิปต์
ข. โมร็อกโก
ค. ประเทศกานา
ง. แอฟริกาใต้


16. ปรากฏในข้อเขียนของลีวิติคุส (Leviticus) ประมาณ ๑,๕๐๐ ปีก่อนคริสตกาล ซึ่งอาจกล่าวได้ว่า เป็นกติกาอนามัยฉบับแรกแห่ง ________  กำหนดให้ประชาชนรักษาอนามัยส่วนบุคคล
( โลก )
ก. โลก
ข. ที่ตั้ง
ค. กระดาษ
ง. จุด


17. ประมาณ ๑,๐๐๐ ปีก่อนคริสตกาล ปราชญ์เฮโรโดตุส (Herodotus) ได้บันทึกไว้ว่า ชนชาติแรกที่ได้ชื่อว่า มี ________ อนามัยดีกว่าเพื่อน ในหมู่ชาติ ที่รุ่งเรือง อยู่ในยุคนั้น ได้แก่ ชนเชื้อชาติอียิปต์
( สุขภาพ )
ก. สุขภาพ
ข. ทาง
ค. สถานที่
ง. จำเป็นต้อง


18. เขียนโดย  ________ คราเตส (Hippocrates) ก็มีข้อความพูดถึงความสัมพันธ์ระหว่าง โรคภัยไข้เจ็บ กับสิ่งแวดล้อม ซึ่งเป็นรากฐาน ของแนวความคิดเกี่ยวกับโรคภัยไข้เจ็บในยุคต่อมา
( ฮิปโป )
ก. ฮิปโป
ข. เบนนิงตัน
ค. จาลาลาบัด
ง. แมสซา


19. เขียนโดย ฮิปโป ________ เตส (Hippocrates) ก็มีข้อความพูดถึงความสัมพันธ์ระหว่าง โรคภัยไข้เจ็บ กับสิ่งแวดล้อม ซึ่งเป็นรากฐาน ของแนวความคิดเกี่ยวกับโรคภัยไข้เจ็บในยุคต่อมา
( ครา )
ก. ครา
ข. เมืองชิคาโก
ค. ดัลลัส
ง. ซานฟรานซิสโก


20. คนในสมัยโบราณรู้จักการ ________  และรักษาอนามัยส่วนบุคคล เนื่องจากเหตุผลทางศาสนาเป็นสำคัญ คือ มุ่งที่จะให้ตนเองบริสุทธิ์สะอาดในการประกอบพิธีกรรมทางศาสนา หรือในการสวดมนต์ภาวนา นับเป็นพันๆ ปีมาแล้ว
( ทำความสะอาด )
ก. ทำความสะอาด
ข. พัฒนาการ
ค. สร้างสรรค์สิ่งใหม่ ๆ
ง. ปฏิรูป


21. เขียนโดย ฮิปโปคราเตส (Hippocrates) ก็มีข้อความพูดถึงความสัมพันธ์ระหว่าง  ________  กับสิ่งแวดล้อม ซึ่งเป็นรากฐาน ของแนวความคิดเกี่ยวกับโรคภัยไข้เจ็บในยุคต่อมา
( โรคภัยไข้เจ็บ )
ก. โรคภัยไข้เจ็บ
ข. ล่มสลาย
ค. ไข้มาลาเรีย
ง. เงื่อนไข


22. เขียนโดย ฮิปโปคราเตส (Hippocrates) ก็มีข้อความพูดถึงความสัมพันธ์ระหว่าง โรคภัยไข้เจ็บ กับสิ่งแวดล้อม ซึ่งเป็นรากฐาน ของแนวความคิดเกี่ยวกับ ________ ในยุคต่อมา
( โรคภัยไข้เจ็บ )
ก. โรคภัยไข้เจ็บ
ข. การเจริญเติบโต
ค. เงื่อนไข
ง. ล่มสลาย


23. ชุมชนมีหน้าที่ช่วยกัน ป้องกันการระบาดของโรคติดต่อ เก็บกัก ________ โรคเรื้อน ทำลายแหล่งแพร่โรค ปรับปรุงการสุขาภิบาล และส่งเสริมการอนามัยแม่ การสาธารณสุขของชาวอียิปต์ มุ่งที่การอนามัยส่วนบุคคลเป็นสำคัญ ส่วนผู้ที่อ่อนแอเจ็บป่วย หรือพิการ มักจะทอดทิ้ง หรือทำลายเสีย
( ผู้ป่วย )
ก. ผู้ป่วย
ข. ลูกค้า
ค. คนบ้า
ง. ผู้ป่วยโรคเบาหวาน


24. มีหลักฐานว่า รู้จักรักษาอนามัยส่วนบุคคล รู้จักเก็บกักน้ำ และมีท่อระบายน้ำสาธารณะ ชาว ________ ได้ถ่ายทอดความรู้ และการปฏิบัติ จากชาวอียิปต์
( ฮิบรู )
ก. ฮิบรู
ข. เพื่อน
ค. ผู้ปฏิบัติงาน
ง. ผู้นำ


25. อย่างไรก็ดี ในระหว่างศตวรรษที่ ๔ และ ศตวรรษที่ ๕ ก่อนคริสตกาล ซึ่งเป็นสมัยอารยธรรมกรีก มีหลักฐานปรากฏว่า มนุษย์เรารู้จักคิดหา ________  ของโรคภัยไข้เจ็บ
( สาเหตุ )
ก. สาเหตุ
ข. วัตถุ
ค. สิ่ง
ง. อุทธรณ์


26. อย่างไรก็ดี ในระหว่างศตวรรษที่ ๔ และ ศตวรรษที่ ๕ ก่อนคริสตกาล ซึ่งเป็นสมัยอารยธรรมกรีก มีหลักฐานปรากฏว่า มนุษย์เรารู้จักคิดหาสาเหตุ ของ ________ 
( โรคภัยไข้เจ็บ )
ก. โรคภัยไข้เจ็บ
ข. เงื่อนไข
ค. ล่มสลาย
ง. การเจริญเติบโต


27. เนื่องมาจากสิ่งแวดล้อม เช่น ในระหว่าง ปี ๕๐๓-๔๐๓ ก่อนคริสตกาล พบว่าไข้จับสั่น (มาลาเรีย) มีความสัมพันธ์กับแหล่งที่มี ________ ขัง ในหนังสือเรื่อง "อากาศ น้ำ และแผ่นดิน"
( น้ำ )
ก. น้ำ
ข. ส่วนหนึ่ง
ค. หลักสูตร
ง. เรื่อง


28. เนื่องมาจากสิ่งแวดล้อม เช่น ในระหว่าง ปี ๕๐๓-๔๐๓ ก่อนคริสตกาล พบว่าไข้จับสั่น (มาลาเรีย) มีความสัมพันธ์กับแหล่งที่มีน้ำขัง ในหนังสือเรื่อง "อากาศ  ________  และแผ่นดิน"
( น้ำ )
ก. น้ำ
ข. ส่วนหนึ่ง
ค. หลักสูตร
ง. เรื่อง


29. ชุมชนมีหน้าที่ช่วยกัน ป้องกันการ ________ ของโรคติดต่อ เก็บกักผู้ป่วยโรคเรื้อน ทำลายแหล่งแพร่โรค ปรับปรุงการสุขาภิบาล และส่งเสริมการอนามัยแม่ การสาธารณสุขของชาวอียิปต์ มุ่งที่การอนามัยส่วนบุคคลเป็นสำคัญ ส่วนผู้ที่อ่อนแอเจ็บป่วย หรือพิการ มักจะทอดทิ้ง หรือทำลายเสีย
( ระบาด )
ก. ระบาด
ข. เพื่อน
ค. ชาวยิว
ง. ผู้ปฏิบัติงาน


30. ชุมชนมีหน้าที่ช่วยกัน ป้องกันการระบาดของโรคติดต่อ เก็บกักผู้ป่วยโรคเรื้อน ทำลายแหล่งแพร่โรค ปรับปรุงการสุขาภิบาล และส่งเสริมการอนามัยแม่ การสาธารณสุขของชาว ________  มุ่งที่การอนามัยส่วนบุคคลเป็นสำคัญ ส่วนผู้ที่อ่อนแอเจ็บป่วย หรือพิการ มักจะทอดทิ้ง หรือทำลายเสีย
( อียิปต์ )
ก. อียิปต์
ข. โมร็อกโก
ค. ประเทศกานา
ง. แอฟริกาใต้


31. หลักฐานทางประวัติศาสตร์ และโบราณคดี ในระหว่าง ๓,๐๐๐-๑๐,๐๐๐ ปีก่อนคริสตกาล ปรากฏว่า ชนเชื้อชาติไมนอนส์ (Minoans) และเครตันส์ (Cretans) สร้างระบบเก็บกักน้ำ และระบายน้ำใช้ใน ________ ของตนเอง
( ท้องถิ่น )
ก. ท้องถิ่น
ข. รถไฟ
ค. รถบัส
ง. ด่วน


32. คนในสมัยโบราณรู้จักการทำความสะอาด และรักษาอนามัยส่วนบุคคล เนื่องจากเหตุผลทางศาสนาเป็นสำคัญ คือ มุ่งที่จะให้ตนเองบริสุทธิ์สะอาดในการประกอบ ________ ทางศาสนา หรือในการสวดมนต์ภาวนา นับเป็นพันๆ ปีมาแล้ว
( พิธีกรรม )
ก. พิธีกรรม
ข. มวล
ค. บริการ
ง. คำสาบาน


33. เขียนโดย ฮิปโปคราเตส (Hippocrates) ก็มีข้อความพูดถึงความสัมพันธ์ระหว่าง โรคภัยไข้เจ็บ กับสิ่งแวดล้อม ซึ่งเป็นรากฐาน ของ ________ เกี่ยวกับโรคภัยไข้เจ็บในยุคต่อมา
( แนวความคิด )
ก. แนวความคิด
ข. วางแผน
ค. ปฏิกิริยา
ง. ความหมาย


34. เกิดโรคระบาดขึ้น พลโลกมักจะเข้าใจกันว่า เป็นเพราะพระผู้เป็นเจ้าลงโทษ จึงเป็น  ________ ที่อยู่เหนือความสามารถของมนุษย์ ในการป้องกันตนเอง
( สิ่ง )
ก. สิ่ง
ข. เวลา
ค. สถานะ
ง. ทาง


35. เกิดโรคระบาดขึ้น พลโลกมักจะเข้าใจกันว่า เป็นเพราะ ________ ลงโทษ จึงเป็น สิ่งที่อยู่เหนือความสามารถของมนุษย์ ในการป้องกันตนเอง
( พระผู้เป็นเจ้า )
ก. พระผู้เป็นเจ้า
ข. วิญญาณ
ค. นางฟ้า
ง. ผู้ดูแล


36. มีหลักฐานว่า รู้จักรักษา ________ ส่วนบุคคล รู้จักเก็บกักน้ำ และมีท่อระบายน้ำสาธารณะ ชาวฮิบรูได้ถ่ายทอดความรู้ และการปฏิบัติ จากชาวอียิปต์
( อนามัย )
ก. อนามัย
ข. การฟอก
ค. ขัด
ง. การกวาด


37. หลักฐานทางประวัติศาสตร์ และโบราณคดี ในระหว่าง ๓,๐๐๐-๑๐,๐๐๐ ปีก่อนคริสตกาล ปรากฏว่า ชนเชื้อชาติไมนอนส์ (Minoans) และเครตันส์ (Cretans) สร้างระบบเก็บกัก ________  และระบายน้ำใช้ในท้องถิ่นของตนเอง
( น้ำ )
ก. น้ำ
ข. อาหาร
ค. ส่วนหนึ่ง
ง. สถานี


38. หลักฐานทางประวัติศาสตร์ และโบราณคดี ในระหว่าง ๓,๐๐๐-๑๐,๐๐๐ ปีก่อนคริสตกาล ปรากฏว่า ชนเชื้อชาติไมนอนส์ (Minoans) และเครตันส์ (Cretans) สร้างระบบเก็บกักน้ำ และระบาย ________ ใช้ในท้องถิ่นของตนเอง
( น้ำ )
ก. น้ำ
ข. อาหาร
ค. สถานี
ง. แหล่ง


39. ประมาณ ๑,๐๐๐ ปีก่อนคริสตกาล ปราชญ์เฮโรโดตุส (Herodotus) ได้บันทึกไว้ว่า ชนชาติแรกที่ได้ชื่อว่า มีสุขภาพอนามัยดีกว่าเพื่อน ในหมู่ชาติ ที่รุ่งเรือง อยู่ในยุคนั้น ได้แก่ ชนเชื้อชาติ ________ 
( อียิปต์ )
ก. อียิปต์
ข. โมร็อกโก
ค. ประเทศกานา
ง. แอฟริกาใต้


40. ประมาณ ๑,๐๐๐ ปีก่อนคริสตกาล ปราชญ์เฮโรโดตุส (Herodotus) ได้บันทึกไว้ว่า ชนชาติแรกที่ได้ชื่อว่า มีสุขภาพอนามัยดีกว่าเพื่อน ในหมู่ ________  ที่รุ่งเรือง อยู่ในยุคนั้น ได้แก่ ชนเชื้อชาติอียิปต์
( ชาติ )
ก. ชาติ
ข. ประชากร
ค. พื้นบ้าน
ง. ตาย


41. ประมาณ ๑,๐๐๐ ปีก่อนคริสตกาล ปราชญ์เฮโรโดตุส (Herodotus) ได้บันทึกไว้ว่า ชนชาติแรกที่ได้ชื่อว่า มีสุขภาพอนามัยดีกว่าเพื่อน ในหมู่ชาติ ที่รุ่งเรือง อยู่ในยุคนั้น ได้แก่  ________ เชื้อชาติอียิปต์
( ชน )
ก. ชน
ข. ไฟ
ค. ความสำเร็จ
ง. สิ่ง


42. เกิดโรคระบาดขึ้น พลโลกมักจะเข้าใจกันว่า เป็นเพราะพระผู้เป็นเจ้าลงโทษ จึงเป็น สิ่งที่อยู่เหนือความสามารถของ ________  ในการป้องกันตนเอง
( มนุษย์ )
ก. มนุษย์
ข. คน
ค. ชาย
ง. ชีวิต


43. ประมาณ ๑,๐๐๐ ปีก่อนคริสตกาล  ________ เฮโรโดตุส (Herodotus) ได้บันทึกไว้ว่า ชนชาติแรกที่ได้ชื่อว่า มีสุขภาพอนามัยดีกว่าเพื่อน ในหมู่ชาติ ที่รุ่งเรือง อยู่ในยุคนั้น ได้แก่ ชนเชื้อชาติอียิปต์
( ปราชญ์ )
ก. ปราชญ์
ข. เพื่อน
ค. ชาวยิว
ง. ผู้ปฏิบัติงาน


44. ปรากฏในข้อเขียนของลีวิ ________ คุส (Leviticus) ประมาณ ๑,๕๐๐ ปีก่อนคริสตกาล ซึ่งอาจกล่าวได้ว่า เป็นกติกาอนามัยฉบับแรกแห่งโลก กำหนดให้ประชาชนรักษาอนามัยส่วนบุคคล
( ติ )
ก. ติ
ข. ปีศาจ
ค. การละทิ้งศาสนา
ง. ไม่เห็นด้วย


45. ประมาณ ๑,๐๐๐ ปีก่อนคริสตกาล ปราชญ์ ________ โรโดตุส (Herodotus) ได้บันทึกไว้ว่า ชนชาติแรกที่ได้ชื่อว่า มีสุขภาพอนามัยดีกว่าเพื่อน ในหมู่ชาติ ที่รุ่งเรือง อยู่ในยุคนั้น ได้แก่ ชนเชื้อชาติอียิปต์
( เฮ )
ก. เฮ
ข. กรณี
ค. ทาง
ง. อันตราย


46. ชุมชนมีหน้าที่ช่วยกัน ป้องกันการระบาดของ ________  เก็บกักผู้ป่วยโรคเรื้อน ทำลายแหล่งแพร่โรค ปรับปรุงการสุขาภิบาล และส่งเสริมการอนามัยแม่ การสาธารณสุขของชาวอียิปต์ มุ่งที่การอนามัยส่วนบุคคลเป็นสำคัญ ส่วนผู้ที่อ่อนแอเจ็บป่วย หรือพิการ มักจะทอดทิ้ง หรือทำลายเสีย
( โรคติดต่อ )
ก. โรคติดต่อ
ข. เสียงพูด
ค. ภาษา
ง. ข่าวสาร


47. หลักฐานทางประวัติศาสตร์ และโบราณคดี ในระหว่าง ๓,๐๐๐-๑๐,๐๐๐ ปีก่อนคริสตกาล ปรากฏว่า  ________ เชื้อชาติไมนอนส์ (Minoans) และเครตันส์ (Cretans) สร้างระบบเก็บกักน้ำ และระบายน้ำใช้ในท้องถิ่นของตนเอง
( ชน )
ก. ชน
ข. ไฟ
ค. ความสำเร็จ
ง. สิ่ง


48. คนใน ________ รู้จักการทำความสะอาด และรักษาอนามัยส่วนบุคคล เนื่องจากเหตุผลทางศาสนาเป็นสำคัญ คือ มุ่งที่จะให้ตนเองบริสุทธิ์สะอาดในการประกอบพิธีกรรมทางศาสนา หรือในการสวดมนต์ภาวนา นับเป็นพันๆ ปีมาแล้ว
( สมัยโบราณ )
ก. สมัยโบราณ
ข. สิ่ง
ค. พื้นผิว
ง. ทาง


49. คนในสมัยโบราณรู้จักการทำความสะอาด และรักษา ________ ส่วนบุคคล เนื่องจากเหตุผลทางศาสนาเป็นสำคัญ คือ มุ่งที่จะให้ตนเองบริสุทธิ์สะอาดในการประกอบพิธีกรรมทางศาสนา หรือในการสวดมนต์ภาวนา นับเป็นพันๆ ปีมาแล้ว
( อนามัย )
ก. อนามัย
ข. การฟอก
ค. ขัด
ง. การกวาด


50. หลักฐานทางประวัติศาสตร์ และโบราณคดี ในระหว่าง ๓,๐๐๐-๑๐,๐๐๐ ปีก่อนคริสตกาล ปรากฏว่า ชนเชื้อชาติไมนอนส์ (Minoans) และเคร ________ ส์ (Cretans) สร้างระบบเก็บกักน้ำ และระบายน้ำใช้ในท้องถิ่นของตนเอง
( ตัน )
ก. ตัน
ข. ปอนด์
ค. ตันสั้น
ง. เมล็ดข้าว


51. เขียนโดย ฮิปโปคราเตส (Hippocrates) ก็มีข้อความพูดถึงความสัมพันธ์ระหว่าง โรคภัยไข้เจ็บ กับสิ่งแวดล้อม ซึ่งเป็นรากฐาน ของแนวความคิดเกี่ยวกับโรคภัยไข้เจ็บใน ________ ต่อมา
( ยุค )
ก. ยุค
ข. เวลา
ค. ชีวิต
ง. ปี


52. เกิดโรคระบาดขึ้น พลโลกมักจะเข้าใจกันว่า เป็นเพราะพระผู้เป็นเจ้าลงโทษ จึงเป็น สิ่งที่อยู่เหนือ ________ ของมนุษย์ ในการป้องกันตนเอง
( ความสามารถ )
ก. ความสามารถ
ข. สถานที่
ค. ธรรมชาติ
ง. ข้อแตกต่าง


53. คนในสมัยโบราณรู้จักการทำความสะอาด และรักษาอนามัยส่วนบุคคล เนื่องจากเหตุผลทางศาสนาเป็นสำคัญ คือ มุ่งที่จะให้ตนเองบริสุทธิ์สะอาดในการประกอบพิธีกรรมทางศาสนา หรือในการสวดมนต์ภาวนา นับเป็นพันๆ  ________ มาแล้ว
( ปี )
ก. ปี
ข. เวลา
ค. ชีวิต
ง. ชุมชน


54. เนื่องมาจากสิ่งแวดล้อม เช่น ในระหว่าง ปี ๕๐๓-๔๐๓ ก่อนคริสตกาล พบว่าไข้จับสั่น (มาลาเรีย) มีความสัมพันธ์กับแหล่งที่มีน้ำขัง ในหนังสือเรื่อง "อากาศ น้ำ และ ________ "
( แผ่นดิน )
ก. แผ่นดิน
ข. ที่ตั้ง
ค. สถานะ
ง. ส่วนหนึ่ง


55. คนในสมัยโบราณรู้จักการทำความสะอาด และรักษาอนามัยส่วนบุคคล เนื่องจาก ________ ทางศาสนาเป็นสำคัญ คือ มุ่งที่จะให้ตนเองบริสุทธิ์สะอาดในการประกอบพิธีกรรมทางศาสนา หรือในการสวดมนต์ภาวนา นับเป็นพันๆ ปีมาแล้ว
( เหตุผล )
ก. เหตุผล
ข. ความจริง
ค. ความรู้สึก
ง. คำนิยาม


56. เขียนโดย ฮิปโปคราเตส (Hippocrates) ก็มีข้อความพูดถึงความสัมพันธ์ระหว่าง โรคภัยไข้เจ็บ กับ ________  ซึ่งเป็นรากฐาน ของแนวความคิดเกี่ยวกับโรคภัยไข้เจ็บในยุคต่อมา
( สิ่งแวดล้อม )
ก. สิ่งแวดล้อม
ข. สถานที่
ค. สิ่ง
ง. ประเทศ


57. อย่างไรก็ดี ในระหว่างศตวรรษที่ ๔ และ ศตวรรษที่  ________  ก่อนคริสตกาล ซึ่งเป็นสมัยอารยธรรมกรีก มีหลักฐานปรากฏว่า มนุษย์เรารู้จักคิดหาสาเหตุ ของโรคภัยไข้เจ็บ
( ๕ )
ก. ๕
ข. หนึ่ง
ค. สี่
ง. สอง


58. อย่างไรก็ดี ในระหว่างศตวรรษที่  ________  และ ศตวรรษที่ ๕ ก่อนคริสตกาล ซึ่งเป็นสมัยอารยธรรมกรีก มีหลักฐานปรากฏว่า มนุษย์เรารู้จักคิดหาสาเหตุ ของโรคภัยไข้เจ็บ
( ๔ )
ก. ๔
ข. หนึ่ง
ค. สอง
ง. เก้า


59. ประมาณ ๑,๐๐๐ ปีก่อนคริสตกาล ปราชญ์เฮโรโดตุส (Herodotus) ได้บันทึกไว้ว่า ชนชาติแรกที่ได้ชื่อว่า มีสุขภาพอนามัยดีกว่า ________  ในหมู่ชาติ ที่รุ่งเรือง อยู่ในยุคนั้น ได้แก่ ชนเชื้อชาติอียิปต์
( เพื่อน )
ก. เพื่อน
ข. สมาชิก
ค. ชาวยิว
ง. ผู้ปฏิบัติงาน


60. มีหลักฐานว่า รู้จักรักษาอนามัยส่วนบุคคล รู้จักเก็บกักน้ำ และมีท่อระบายน้ำ ________  ชาวฮิบรูได้ถ่ายทอดความรู้ และการปฏิบัติ จากชาวอียิปต์
( สาธารณะ )
ก. สาธารณะ
ข. โรงเรียน
ค. วิทยาลัย
ง. โบสถ์


61. ปรากฏในข้อเขียนของลีวิติคุส (Leviticus) ประมาณ ๑, ________  ปีก่อนคริสตกาล ซึ่งอาจกล่าวได้ว่า เป็นกติกาอนามัยฉบับแรกแห่งโลก กำหนดให้ประชาชนรักษาอนามัยส่วนบุคคล
( ๕๐๐ )
ก. ๕๐๐
ข. พัน
ค. ล้าน
ง. หนึ่งหมื่น


62. ปรากฏในข้อเขียนของลีวิติคุส (Leviticus) ประมาณ ๑,๕๐๐ ปีก่อนคริสตกาล ซึ่งอาจกล่าวได้ว่า เป็นกติกา ________ ฉบับแรกแห่งโลก กำหนดให้ประชาชนรักษาอนามัยส่วนบุคคล
( อนามัย )
ก. อนามัย
ข. การกวาด
ค. การทำหมัน
ง. การฟอก


63. ปรากฏในข้อเขียนของลีวิติคุส (Leviticus) ประมาณ ๑,๕๐๐ ปีก่อนคริสตกาล ซึ่งอาจกล่าวได้ว่า เป็นกติกาอนามัยฉบับแรกแห่งโลก กำหนดให้ประชาชนรักษา ________ ส่วนบุคคล
( อนามัย )
ก. อนามัย
ข. การฟอก
ค. ขัด
ง. การกวาด


64. ปรากฏในข้อเขียนของลีวิติคุส (Leviticus) ประมาณ  ________ ,๕๐๐ ปีก่อนคริสตกาล ซึ่งอาจกล่าวได้ว่า เป็นกติกาอนามัยฉบับแรกแห่งโลก กำหนดให้ประชาชนรักษาอนามัยส่วนบุคคล
( ๑ )
ก. ๑
ข. สี่
ค. สอง
ง. เก้า


65. ปรากฏในข้อเขียนของลีวิติคุส (Leviticus) ประมาณ ๑,๕๐๐  ________ ก่อนคริสตกาล ซึ่งอาจกล่าวได้ว่า เป็นกติกาอนามัยฉบับแรกแห่งโลก กำหนดให้ประชาชนรักษาอนามัยส่วนบุคคล
( ปี )
ก. ปี
ข. ศตวรรษ
ค. ตอนเช้า
ง. เดือนปฏิทิน


66. ชุมชนมีหน้าที่ช่วยกัน ป้องกันการระบาดของโรคติดต่อ เก็บกักผู้ป่วยโรคเรื้อน ทำลายแหล่งแพร่โรค ปรับปรุงการสุขาภิบาล และส่งเสริมการ ________ แม่ การสาธารณสุขของชาวอียิปต์ มุ่งที่การอนามัยส่วนบุคคลเป็นสำคัญ ส่วนผู้ที่อ่อนแอเจ็บป่วย หรือพิการ มักจะทอดทิ้ง หรือทำลายเสีย
( อนามัย )
ก. อนามัย
ข. การฟอก
ค. ขัด
ง. การกวาด


67. ชุมชนมีหน้าที่ช่วยกัน ป้องกันการระบาดของโรคติดต่อ เก็บกักผู้ป่วยโรคเรื้อน ทำลายแหล่งแพร่โรค ปรับปรุงการสุขาภิบาล และส่งเสริมการอนามัยแม่ การสาธารณสุขของชาวอียิปต์ มุ่งที่การ ________ ส่วนบุคคลเป็นสำคัญ ส่วนผู้ที่อ่อนแอเจ็บป่วย หรือพิการ มักจะทอดทิ้ง หรือทำลายเสีย
( อนามัย )
ก. อนามัย
ข. การฟอก
ค. ขัด
ง. การกวาด


68. ชุมชนมีหน้าที่ช่วยกัน ป้องกันการระบาดของโรคติดต่อ เก็บกักผู้ป่วยโรคเรื้อน ทำลาย ________ แพร่โรค ปรับปรุงการสุขาภิบาล และส่งเสริมการอนามัยแม่ การสาธารณสุขของชาวอียิปต์ มุ่งที่การอนามัยส่วนบุคคลเป็นสำคัญ ส่วนผู้ที่อ่อนแอเจ็บป่วย หรือพิการ มักจะทอดทิ้ง หรือทำลายเสีย
( แหล่ง )
ก. แหล่ง
ข. หนังสือ
ค. นักเขียน
ง. จุดภูมิประเทศ


69. หลักฐานทางประวัติศาสตร์ และโบราณคดี ในระหว่าง ๓,๐๐๐-๑๐,๐๐๐ ปีก่อนคริสตกาล ปรากฏว่า ชนเชื้อชา ________ ไมนอนส์ (Minoans) และเครตันส์ (Cretans) สร้างระบบเก็บกักน้ำ และระบายน้ำใช้ในท้องถิ่นของตนเอง
( ติ )
ก. ติ
ข. ปีศาจ
ค. การละทิ้งศาสนา
ง. ไม่เห็นด้วย


70. หลักฐานทางประวัติศาสตร์ และโบราณคดี ในระหว่าง ๓,๐๐๐-๑๐,๐๐๐ ปีก่อนคริสตกาล ปรากฏว่า ชน ________ ชาติไมนอนส์ (Minoans) และเครตันส์ (Cretans) สร้างระบบเก็บกักน้ำ และระบายน้ำใช้ในท้องถิ่นของตนเอง
( เชื้อ )
ก. เชื้อ
ข. เสียงพูด
ค. ภาษา
ง. ข่าวสาร


71. อย่างไรก็ดี ในระหว่าง ________ ที่ ๔ และ ศตวรรษที่ ๕ ก่อนคริสตกาล ซึ่งเป็นสมัยอารยธรรมกรีก มีหลักฐานปรากฏว่า มนุษย์เรารู้จักคิดหาสาเหตุ ของโรคภัยไข้เจ็บ
( ศตวรรษ )
ก. ศตวรรษ
ข. เวลา
ค. ปี
ง. ชีวิต


72. อย่างไรก็ดี ในระหว่างศตวรรษที่ ๔ และ  ________ ที่ ๕ ก่อนคริสตกาล ซึ่งเป็นสมัยอารยธรรมกรีก มีหลักฐานปรากฏว่า มนุษย์เรารู้จักคิดหาสาเหตุ ของโรคภัยไข้เจ็บ
( ศตวรรษ )
ก. ศตวรรษ
ข. เวลา
ค. ปี
ง. ชีวิต


73. เนื่องมาจากสิ่งแวดล้อม เช่น ในระหว่าง ปี ๕๐๓-๔๐๓ ก่อนคริสตกาล พบว่าไข้จับสั่น (มาลาเรีย) มีความสัมพันธ์กับ ________ ที่มีน้ำขัง ในหนังสือเรื่อง "อากาศ น้ำ และแผ่นดิน"
( แหล่ง )
ก. แหล่ง
ข. หลักสูตร
ค. ส่วนหนึ่ง
ง. หนังสือ


74. หลักฐานทางประวัติศาสตร์ และโบราณคดี ในระหว่าง ๓,๐๐๐-๑๐,๐๐๐ ปีก่อนคริสตกาล ปรากฏว่า ชนเชื้อ ________ ติไมนอนส์ (Minoans) และเครตันส์ (Cretans) สร้างระบบเก็บกักน้ำ และระบายน้ำใช้ในท้องถิ่นของตนเอง
( ชา )
ก. ชา
ข. อาหารเย็น
ค. นม
ง. อาหารมื้อเย็น


75. คนในสมัยโบราณรู้จักการทำความสะอาด และรักษาอนามัยส่วนบุคคล เนื่องจากเหตุผลทาง ________ เป็นสำคัญ คือ มุ่งที่จะให้ตนเองบริสุทธิ์สะอาดในการประกอบพิธีกรรมทางศาสนา หรือในการสวดมนต์ภาวนา นับเป็นพันๆ ปีมาแล้ว
( ศาสนา )
ก. ศาสนา
ข. คิดว่า
ค. ทฤษฎี
ง. บริษัท


76. คนในสมัยโบราณรู้จักการทำความสะอาด และรักษาอนามัยส่วนบุคคล เนื่องจากเหตุผลทางศาสนาเป็นสำคัญ คือ มุ่งที่จะให้ตนเองบริสุทธิ์สะอาดในการประกอบพิธีกรรมทาง ________  หรือในการสวดมนต์ภาวนา นับเป็นพันๆ ปีมาแล้ว
( ศาสนา )
ก. ศาสนา
ข. บริษัท
ค. ความเชื่อมั่น
ง. ไสยศาสตร์


77. เนื่องมาจาก ________  เช่น ในระหว่าง ปี ๕๐๓-๔๐๓ ก่อนคริสตกาล พบว่าไข้จับสั่น (มาลาเรีย) มีความสัมพันธ์กับแหล่งที่มีน้ำขัง ในหนังสือเรื่อง "อากาศ น้ำ และแผ่นดิน"
( สิ่งแวดล้อม )
ก. สิ่งแวดล้อม
ข. สิ่ง
ค. ภาพ
ง. ท้าทาย


78.  ________ มีหน้าที่ช่วยกัน ป้องกันการระบาดของโรคติดต่อ เก็บกักผู้ป่วยโรคเรื้อน ทำลายแหล่งแพร่โรค ปรับปรุงการสุขาภิบาล และส่งเสริมการอนามัยแม่ การสาธารณสุขของชาวอียิปต์ มุ่งที่การอนามัยส่วนบุคคลเป็นสำคัญ ส่วนผู้ที่อ่อนแอเจ็บป่วย หรือพิการ มักจะทอดทิ้ง หรือทำลายเสีย
( ชุมชน )
ก. ชุมชน
ข. คน
ค. ผู้ฟัง
ง. ฝูงชน


79. หลักฐานทางประวัติศาสตร์ และโบราณคดี ในระหว่าง ๓,๐๐๐-๑๐,๐๐๐ ปีก่อนคริสตกาล ปรากฏว่า ชนเชื้อชาติไมนอนส์ (Minoans) และเครตันส์ (Cretans) สร้าง ________ เก็บกักน้ำ และระบายน้ำใช้ในท้องถิ่นของตนเอง
( ระบบ )
ก. ระบบ
ข. คน
ค. ไหล่
ง. กลับ


80. เนื่องมาจากสิ่งแวดล้อม เช่น ในระหว่าง ปี ๕๐๓-๔๐๓ ก่อนคริสตกาล พบว่าไข้จับสั่น (มาลาเรีย) มีความสัมพันธ์กับแหล่งที่มีน้ำขัง ในหนังสือเรื่อง " ________  น้ำ และแผ่นดิน"
( อากาศ )
ก. อากาศ
ข. อำนาจ
ค. ด้าน
ง. ธรรมชาติ


81. อย่างไรก็ดี ในระหว่างศตวรรษที่ ๔ และ ศตวรรษที่ ๕ ก่อนคริสตกาล ซึ่งเป็นสมัยอารยธรรมกรีก มีหลักฐานปรากฏว่า  ________ เรารู้จักคิดหาสาเหตุ ของโรคภัยไข้เจ็บ
( มนุษย์ )
ก. มนุษย์
ข. คน
ค. เด็กผู้ชาย
ง. เพื่อน


82. อย่างไรก็ดี ในระหว่างศตวรรษที่ ๔ และ ศตวรรษที่ ๕ ก่อนคริสตกาล ซึ่งเป็นสมัยอารยธรรม ________  มีหลักฐานปรากฏว่า มนุษย์เรารู้จักคิดหาสาเหตุ ของโรคภัยไข้เจ็บ
( กรีก )
ก. กรีก
ข. เสา
ค. เยอรมัน
ง. ผู้ชายฝรั่งเศส


83. อย่างไรก็ดี ในระหว่างศตวรรษที่ ๔ และ ศตวรรษที่ ๕ ก่อนคริสตกาล ซึ่งเป็น ________ อารยธรรมกรีก มีหลักฐานปรากฏว่า มนุษย์เรารู้จักคิดหาสาเหตุ ของโรคภัยไข้เจ็บ
( สมัย )
ก. สมัย
ข. ปลาย
ค. อุณหภูมิ
ง. ความยาว


84. มี ________ ว่า รู้จักรักษาอนามัยส่วนบุคคล รู้จักเก็บกักน้ำ และมีท่อระบายน้ำสาธารณะ ชาวฮิบรูได้ถ่ายทอดความรู้ และการปฏิบัติ จากชาวอียิปต์
( หลักฐาน )
ก. หลักฐาน
ข. ความจริง
ค. ตัวอย่าง
ง. วัสดุ


85. ประมาณ ๑,๐๐๐ ปีก่อนคริสตกาล ปราชญ์เฮโรโดตุส (Herodotus) ได้บันทึกไว้ว่า ชนชาติแรกที่ได้ชื่อว่า มีสุขภาพ ________ ดีกว่าเพื่อน ในหมู่ชาติ ที่รุ่งเรือง อยู่ในยุคนั้น ได้แก่ ชนเชื้อชาติอียิปต์
( อนามัย )
ก. อนามัย
ข. การฟอก
ค. ขัด
ง. การกวาด


86. ประมาณ  ________ ,๐๐๐ ปีก่อนคริสตกาล ปราชญ์เฮโรโดตุส (Herodotus) ได้บันทึกไว้ว่า ชนชาติแรกที่ได้ชื่อว่า มีสุขภาพอนามัยดีกว่าเพื่อน ในหมู่ชาติ ที่รุ่งเรือง อยู่ในยุคนั้น ได้แก่ ชนเชื้อชาติอียิปต์
( ๑ )
ก. ๑
ข. สี่
ค. สอง
ง. เก้า


87. ประมาณ ๑,๐๐๐ ปีก่อนคริสตกาล ปราชญ์เฮโร ________ ตุส (Herodotus) ได้บันทึกไว้ว่า ชนชาติแรกที่ได้ชื่อว่า มีสุขภาพอนามัยดีกว่าเพื่อน ในหมู่ชาติ ที่รุ่งเรือง อยู่ในยุคนั้น ได้แก่ ชนเชื้อชาติอียิปต์
( โด )
ก. โด
ข. ค่าย
ค. เก๋งพั้ง
ง. รถตู้


88. ประมาณ ๑,๐๐๐ ปีก่อนคริสตกาล ปราชญ์เฮโรโดตุส (Herodotus) ได้บันทึกไว้ว่า ชนชาติแรกที่ได้ชื่อว่า มีสุขภาพอนามัยดีกว่าเพื่อน ในหมู่ชาติ ที่รุ่งเรือง อยู่ใน ________ นั้น ได้แก่ ชนเชื้อชาติอียิปต์
( ยุค )
ก. ยุค
ข. เวลา
ค. ศตวรรษ
ง. ตอนเช้า


89. หลักฐานทางประวัติศาสตร์ และโบราณคดี ในระหว่าง ๓,๐๐๐-๑๐,๐๐๐ ปีก่อนคริสตกาล ปรากฏว่า ชนเชื้อชาติไมนอนส์ (Minoans) และเครตัน ________  (Cretans) สร้างระบบเก็บกักน้ำ และระบายน้ำใช้ในท้องถิ่นของตนเอง
( ส์ )
ก. ส์
ข. ด้าน
ค. เขต
ง. รัฐสภา


90. ประมาณ ๑,๐๐๐  ________ ก่อนคริสตกาล ปราชญ์เฮโรโดตุส (Herodotus) ได้บันทึกไว้ว่า ชนชาติแรกที่ได้ชื่อว่า มีสุขภาพอนามัยดีกว่าเพื่อน ในหมู่ชาติ ที่รุ่งเรือง อยู่ในยุคนั้น ได้แก่ ชนเชื้อชาติอียิปต์
( ปี )
ก. ปี
ข. ศตวรรษ
ค. ตอนเช้า
ง. เดือนปฏิทิน


91. ชุมชนมีหน้าที่ช่วยกัน ป้องกันการระบาดของโรคติดต่อ เก็บกักผู้ป่วยโรคเรื้อน ทำลายแหล่งแพร่โรค ปรับปรุงการสุขาภิบาล และส่งเสริมการอนามัยแม่ การสาธารณสุขของชาวอียิปต์ มุ่งที่การอนามัยส่วนบุคคลเป็นสำคัญ ส่วนผู้ที่อ่อนแอเจ็บป่วย หรือ ________  มักจะทอดทิ้ง หรือทำลายเสีย
( พิการ )
ก. พิการ
ข. ประชากร
ค. พื้นบ้าน
ง. ตาย


92. อย่างไรก็ดี ในระหว่างศตวรรษที่ ๔ และ ศตวรรษที่ ๕  ________ นคริสตกาล ซึ่งเป็นสมัยอารยธรรมกรีก มีหลักฐานปรากฏว่า มนุษย์เรารู้จักคิดหาสาเหตุ ของโรคภัยไข้เจ็บ
( ก่อ )
ก. ก่อ
ข. เวลา
ค. ทาง
ง. สถานะ


93. หลักฐานทางประวัติศาสตร์ และโบราณคดี ในระหว่าง  ________ ,๐๐๐-๑๐,๐๐๐ ปีก่อนคริสตกาล ปรากฏว่า ชนเชื้อชาติไมนอนส์ (Minoans) และเครตันส์ (Cretans) สร้างระบบเก็บกักน้ำ และระบายน้ำใช้ในท้องถิ่นของตนเอง
( ๓ )
ก. ๓
ข. สี่
ค. สอง
ง. เก้า


94. หลักฐานทางประวัติศาสตร์ และโบราณคดี ในระหว่าง ๓,๐๐๐- ________ ,๐๐๐ ปีก่อนคริสตกาล ปรากฏว่า ชนเชื้อชาติไมนอนส์ (Minoans) และเครตันส์ (Cretans) สร้างระบบเก็บกักน้ำ และระบายน้ำใช้ในท้องถิ่นของตนเอง
( ๑๐ )
ก. ๑๐
ข. พัน
ค. ล้าน
ง. หนึ่งหมื่น


95. หลักฐานทางประวัติศาสตร์ และโบราณคดี ในระหว่าง ๓,๐๐๐-๑๐,๐๐๐  ________ ก่อนคริสตกาล ปรากฏว่า ชนเชื้อชาติไมนอนส์ (Minoans) และเครตันส์ (Cretans) สร้างระบบเก็บกักน้ำ และระบายน้ำใช้ในท้องถิ่นของตนเอง
( ปี )
ก. ปี
ข. ศตวรรษ
ค. ตอนเช้า
ง. เดือนปฏิทิน


96. เนื่องมาจากสิ่งแวดล้อม เช่น ในระหว่าง ปี ๕๐๓-๔๐๓ ก่อนคริสตกาล พบว่าไข้จับสั่น (มาลาเรีย) มีความสัมพันธ์กับแหล่งที่มีน้ำขัง ในหนังสือ ________  "อากาศ น้ำ และแผ่นดิน"
( เรื่อง )
ก. เรื่อง
ข. ชีวิต
ค. ข้อมูล
ง. ประสบการณ์


97. เขียนโดย ฮิปโปคราเตส (Hippocrates) ก็มีข้อความพูดถึงความสัมพันธ์ระหว่าง โรคภัยไข้เจ็บ กับสิ่งแวดล้อม ซึ่งเป็น ________  ของแนวความคิดเกี่ยวกับโรคภัยไข้เจ็บในยุคต่อมา
( รากฐาน )
ก. รากฐาน
ข. กำหนด
ค. ส่วนหนึ่ง
ง. ประสบการณ์


98. เขียนโดย ฮิปโปคราเตส (Hippocrates) ก็มี ________ พูดถึงความสัมพันธ์ระหว่าง โรคภัยไข้เจ็บ กับสิ่งแวดล้อม ซึ่งเป็นรากฐาน ของแนวความคิดเกี่ยวกับโรคภัยไข้เจ็บในยุคต่อมา
( ข้อความ )
ก. ข้อความ
ข. เสียงพูด
ค. ภาษา
ง. ข่าวสาร


99. ปรากฏในข้อเขียนของลีวิติคุส (Leviticus) ประมาณ ๑,๕๐๐ ปี ________ นคริสตกาล ซึ่งอาจกล่าวได้ว่า เป็นกติกาอนามัยฉบับแรกแห่งโลก กำหนดให้ประชาชนรักษาอนามัยส่วนบุคคล
( ก่อ )
ก. ก่อ
ข. ผู้ฟัง
ค. ชุมชน
ง. วาระ


100. เขียนโดย ฮิปโปคราเตส (Hippocrates) ก็มีข้อความพูดถึง ________ ระหว่าง โรคภัยไข้เจ็บ กับสิ่งแวดล้อม ซึ่งเป็นรากฐาน ของแนวความคิดเกี่ยวกับโรคภัยไข้เจ็บในยุคต่อมา
( ความสัมพันธ์ )
ก. ความสัมพันธ์
ข. ความรู้สึก
ค. เปลี่ยนแปลง
ง. เสรีภาพ


101. หลักฐานทาง ________  และโบราณคดี ในระหว่าง ๓,๐๐๐-๑๐,๐๐๐ ปีก่อนคริสตกาล ปรากฏว่า ชนเชื้อชาติไมนอนส์ (Minoans) และเครตันส์ (Cretans) สร้างระบบเก็บกักน้ำ และระบายน้ำใช้ในท้องถิ่นของตนเอง
( ประวัติศาสตร์ )
ก. ประวัติศาสตร์
ข. ท่าที
ค. ข้อมูล
ง. กระบวนการ


102. เนื่องมาจากสิ่งแวดล้อม เช่น ในระหว่าง ปี ๕๐๓-๔๐๓  ________ นคริสตกาล พบว่าไข้จับสั่น (มาลาเรีย) มีความสัมพันธ์กับแหล่งที่มีน้ำขัง ในหนังสือเรื่อง "อากาศ น้ำ และแผ่นดิน"
( ก่อ )
ก. ก่อ
ข. ผู้ฟัง
ค. ชุมชน
ง. วาระ


103. อย่างไรก็ดี ในระหว่างศตวรรษที่ ๔ และ ศตวรรษที่ ๕ ก่อนคริสตกาล ซึ่งเป็นสมัยอารยธรรมกรีก มี ________ ปรากฏว่า มนุษย์เรารู้จักคิดหาสาเหตุ ของโรคภัยไข้เจ็บ
( หลักฐาน )
ก. หลักฐาน
ข. ความจริง
ค. ตัวอย่าง
ง. วัสดุ


104. อย่างไรก็ดี ในระหว่างศตวรรษที่ ๔ และ ศตวรรษที่ ๕ ก่อนคริสตกาล ซึ่งเป็นสมัย ________ กรีก มีหลักฐานปรากฏว่า มนุษย์เรารู้จักคิดหาสาเหตุ ของโรคภัยไข้เจ็บ
( อารยธรรม )
ก. อารยธรรม
ข. วัฒนธรรม
ค. การกระจายอำนาจ
ง. กลายเป็นเมือง


105. ประมาณ ๑,๐๐๐ ปีก่อนคริสตกาล ปราชญ์เฮโรโดตุส (Herodotus) ได้บันทึกไว้ว่า  ________ แรกที่ได้ชื่อว่า มีสุขภาพอนามัยดีกว่าเพื่อน ในหมู่ชาติ ที่รุ่งเรือง อยู่ในยุคนั้น ได้แก่ ชนเชื้อชาติอียิปต์
( ชนชาติ )
ก. ชนชาติ
ข. คน
ค. พลเมือง
ง. สายพันธุ์


106. ประมาณ ๑,๐๐๐ ปีก่อนคริสตกาล ปราชญ์เฮโรโดตุส (Herodotus) ได้บันทึกไว้ว่า ชนชาติแรกที่ได้ชื่อว่า มีสุขภาพอนามัยดีกว่าเพื่อน ในหมู่ชาติ ที่รุ่งเรือง อยู่ในยุคนั้น ได้แก่ ชน ________ อียิปต์
( เชื้อชาติ )
ก. เชื้อชาติ
ข. คน
ค. พลเมือง
ง. สายพันธุ์


107. เนื่องมาจากสิ่งแวดล้อม เช่น ในระหว่าง ปี ๕๐๓-๔๐๓ ก่อนคริสตกาล พบว่าไข้จับสั่น (มาลาเรีย) มี ________ กับแหล่งที่มีน้ำขัง ในหนังสือเรื่อง "อากาศ น้ำ และแผ่นดิน"
( ความสัมพันธ์ )
ก. ความสัมพันธ์
ข. กำลัง
ค. ส่วนหนึ่ง
ง. ใบสั่ง


108. ประมาณ ๑,๐๐๐ ปี ________ นคริสตกาล ปราชญ์เฮโรโดตุส (Herodotus) ได้บันทึกไว้ว่า ชนชาติแรกที่ได้ชื่อว่า มีสุขภาพอนามัยดีกว่าเพื่อน ในหมู่ชาติ ที่รุ่งเรือง อยู่ในยุคนั้น ได้แก่ ชนเชื้อชาติอียิปต์
( ก่อ )
ก. ก่อ
ข. ผู้ฟัง
ค. ชุมชน
ง. วาระ


109. หลักฐานทางประวัติศาสตร์ และโบราณคดี ในระหว่าง ๓,๐๐๐-๑๐,๐๐๐ ปี ________ นคริสตกาล ปรากฏว่า ชนเชื้อชาติไมนอนส์ (Minoans) และเครตันส์ (Cretans) สร้างระบบเก็บกักน้ำ และระบายน้ำใช้ในท้องถิ่นของตนเอง
( ก่อ )
ก. ก่อ
ข. ผู้ฟัง
ค. ชุมชน
ง. วาระ


110. ชุมชน ________ ที่ช่วยกัน ป้องกันการระบาดของโรคติดต่อ เก็บกักผู้ป่วยโรคเรื้อน ทำลายแหล่งแพร่โรค ปรับปรุงการสุขาภิบาล และส่งเสริมการอนามัยแม่ การสาธารณสุขของชาวอียิปต์ มุ่งที่การอนามัยส่วนบุคคลเป็นสำคัญ ส่วนผู้ที่อ่อนแอเจ็บป่วย หรือพิการ มักจะทอดทิ้ง หรือทำลายเสีย
( มีหน้า )
ก. มีหน้า
ข. จุด
ค. บ้าน
ง. ช่องว่าง


111.  ________ ทางประวัติศาสตร์ และโบราณคดี ในระหว่าง ๓,๐๐๐-๑๐,๐๐๐ ปีก่อนคริสตกาล ปรากฏว่า ชนเชื้อชาติไมนอนส์ (Minoans) และเครตันส์ (Cretans) สร้างระบบเก็บกักน้ำ และระบายน้ำใช้ในท้องถิ่นของตนเอง
( หลักฐาน )
ก. หลักฐาน
ข. ความจริง
ค. วัสดุ
ง. หลักสูตรการศึกษา


112. ปรากฏในข้อเขียนของลีวิติคุส (Leviticus) ประมาณ ๑,๕๐๐ ปีก่อนคริสตกาล ซึ่งอาจกล่าวได้ว่า เป็นกติกาอนามัยฉบับแรกแห่งโลก กำหนดให้ ________ รักษาอนามัยส่วนบุคคล
( ประชาชน )
ก. ประชาชน
ข. คน
ค. พลเมือง
ง. ระบบ


113. ประมาณ ๑,๐๐๐ ปีก่อนคริสตกาล ปราชญ์เฮโรโดตุส (Herodotus) ได้บันทึกไว้ว่า ชนชาติแรกที่ ________ ว่า มีสุขภาพอนามัยดีกว่าเพื่อน ในหมู่ชาติ ที่รุ่งเรือง อยู่ในยุคนั้น ได้แก่ ชนเชื้อชาติอียิปต์
( ได้ชื่อ )
ก. ได้ชื่อ
ข. คน
ค. คำ
ง. บ้าน


114.  ________ สมัยโบราณรู้จักการทำความสะอาด และรักษาอนามัยส่วนบุคคล เนื่องจากเหตุผลทางศาสนาเป็นสำคัญ คือ มุ่งที่จะให้ตนเองบริสุทธิ์สะอาดในการประกอบพิธีกรรมทางศาสนา หรือในการสวดมนต์ภาวนา นับเป็นพันๆ ปีมาแล้ว
( คนใน )
ก. คนใน
ข. คน
ค. พลเมือง
ง. ชื่อ


